Archive member included to satisfy reference by file (symbol)

/usr/lib/gcc/arm-none-eabi/9.2.1/../../../arm-none-eabi/lib/thumb/v7e-m+fp/hard/libc_nano.a(lib_a-atexit.o)
                              /usr/lib/gcc/arm-none-eabi/9.2.1/../../../arm-none-eabi/lib/thumb/v7e-m+fp/hard/crt0.o (atexit)
/usr/lib/gcc/arm-none-eabi/9.2.1/../../../arm-none-eabi/lib/thumb/v7e-m+fp/hard/libc_nano.a(lib_a-exit.o)
                              /usr/lib/gcc/arm-none-eabi/9.2.1/../../../arm-none-eabi/lib/thumb/v7e-m+fp/hard/crt0.o (exit)
/usr/lib/gcc/arm-none-eabi/9.2.1/../../../arm-none-eabi/lib/thumb/v7e-m+fp/hard/libc_nano.a(lib_a-fini.o)
                              /usr/lib/gcc/arm-none-eabi/9.2.1/../../../arm-none-eabi/lib/thumb/v7e-m+fp/hard/crt0.o (__libc_fini_array)
/usr/lib/gcc/arm-none-eabi/9.2.1/../../../arm-none-eabi/lib/thumb/v7e-m+fp/hard/libc_nano.a(lib_a-impure.o)
                              /usr/lib/gcc/arm-none-eabi/9.2.1/../../../arm-none-eabi/lib/thumb/v7e-m+fp/hard/libc_nano.a(lib_a-exit.o) (_global_impure_ptr)
/usr/lib/gcc/arm-none-eabi/9.2.1/../../../arm-none-eabi/lib/thumb/v7e-m+fp/hard/libc_nano.a(lib_a-init.o)
                              /usr/lib/gcc/arm-none-eabi/9.2.1/../../../arm-none-eabi/lib/thumb/v7e-m+fp/hard/crt0.o (__libc_init_array)
/usr/lib/gcc/arm-none-eabi/9.2.1/../../../arm-none-eabi/lib/thumb/v7e-m+fp/hard/libc_nano.a(lib_a-memset.o)
                              /usr/lib/gcc/arm-none-eabi/9.2.1/../../../arm-none-eabi/lib/thumb/v7e-m+fp/hard/crt0.o (memset)
/usr/lib/gcc/arm-none-eabi/9.2.1/../../../arm-none-eabi/lib/thumb/v7e-m+fp/hard/libc_nano.a(lib_a-__atexit.o)
                              /usr/lib/gcc/arm-none-eabi/9.2.1/../../../arm-none-eabi/lib/thumb/v7e-m+fp/hard/libc_nano.a(lib_a-atexit.o) (__register_exitproc)
/usr/lib/gcc/arm-none-eabi/9.2.1/../../../arm-none-eabi/lib/thumb/v7e-m+fp/hard/libc_nano.a(lib_a-__call_atexit.o)
                              /usr/lib/gcc/arm-none-eabi/9.2.1/../../../arm-none-eabi/lib/thumb/v7e-m+fp/hard/libc_nano.a(lib_a-__atexit.o) (__call_exitprocs)
/usr/lib/gcc/arm-none-eabi/9.2.1/../../../arm-none-eabi/lib/thumb/v7e-m+fp/hard/libnosys.a(_exit.o)
                              /usr/lib/gcc/arm-none-eabi/9.2.1/../../../arm-none-eabi/lib/thumb/v7e-m+fp/hard/libc_nano.a(lib_a-exit.o) (_exit)
/usr/lib/gcc/arm-none-eabi/9.2.1/thumb/v7e-m+fp/hard/libgcc.a(_aeabi_uldivmod.o)
                              build/stm32l4xx_hal_uart.o (__aeabi_uldivmod)
/usr/lib/gcc/arm-none-eabi/9.2.1/thumb/v7e-m+fp/hard/libgcc.a(_udivmoddi4.o)
                              /usr/lib/gcc/arm-none-eabi/9.2.1/thumb/v7e-m+fp/hard/libgcc.a(_aeabi_uldivmod.o) (__udivmoddi4)
/usr/lib/gcc/arm-none-eabi/9.2.1/thumb/v7e-m+fp/hard/libgcc.a(_dvmd_tls.o)
                              /usr/lib/gcc/arm-none-eabi/9.2.1/thumb/v7e-m+fp/hard/libgcc.a(_aeabi_uldivmod.o) (__aeabi_ldiv0)

Allocating common symbols
Common symbol       size              file

uwTick              0x4               build/stm32l4xx_hal.o
hadc1               0x64              build/main.o
huart2              0x80              build/main.o

Discarded input sections

 .text          0x0000000000000000        0x0 /usr/lib/gcc/arm-none-eabi/9.2.1/thumb/v7e-m+fp/hard/crti.o
 .data          0x0000000000000000        0x0 /usr/lib/gcc/arm-none-eabi/9.2.1/thumb/v7e-m+fp/hard/crti.o
 .bss           0x0000000000000000        0x0 /usr/lib/gcc/arm-none-eabi/9.2.1/thumb/v7e-m+fp/hard/crti.o
 .data          0x0000000000000000        0x4 /usr/lib/gcc/arm-none-eabi/9.2.1/thumb/v7e-m+fp/hard/crtbegin.o
 .text          0x0000000000000000       0x70 /usr/lib/gcc/arm-none-eabi/9.2.1/../../../arm-none-eabi/lib/thumb/v7e-m+fp/hard/crt0.o
 .data          0x0000000000000000        0x0 /usr/lib/gcc/arm-none-eabi/9.2.1/../../../arm-none-eabi/lib/thumb/v7e-m+fp/hard/crt0.o
 .bss           0x0000000000000000        0x0 /usr/lib/gcc/arm-none-eabi/9.2.1/../../../arm-none-eabi/lib/thumb/v7e-m+fp/hard/crt0.o
 .ARM.extab     0x0000000000000000        0x0 /usr/lib/gcc/arm-none-eabi/9.2.1/../../../arm-none-eabi/lib/thumb/v7e-m+fp/hard/crt0.o
 .ARM.exidx     0x0000000000000000       0x10 /usr/lib/gcc/arm-none-eabi/9.2.1/../../../arm-none-eabi/lib/thumb/v7e-m+fp/hard/crt0.o
 .debug_line    0x0000000000000000       0x87 /usr/lib/gcc/arm-none-eabi/9.2.1/../../../arm-none-eabi/lib/thumb/v7e-m+fp/hard/crt0.o
 .debug_info    0x0000000000000000       0x26 /usr/lib/gcc/arm-none-eabi/9.2.1/../../../arm-none-eabi/lib/thumb/v7e-m+fp/hard/crt0.o
 .debug_abbrev  0x0000000000000000       0x14 /usr/lib/gcc/arm-none-eabi/9.2.1/../../../arm-none-eabi/lib/thumb/v7e-m+fp/hard/crt0.o
 .debug_aranges
                0x0000000000000000       0x20 /usr/lib/gcc/arm-none-eabi/9.2.1/../../../arm-none-eabi/lib/thumb/v7e-m+fp/hard/crt0.o
 .debug_str     0x0000000000000000       0x98 /usr/lib/gcc/arm-none-eabi/9.2.1/../../../arm-none-eabi/lib/thumb/v7e-m+fp/hard/crt0.o
 .ARM.attributes
[...]
Memory Configuration

Name             Origin             Length             Attributes
RAM              0x0000000020000000 0x0000000000010000 xrw
FLASH            0x0000000008000000 0x0000000000040000 xr
*default*        0x0000000000000000 0xffffffffffffffff

Linker script and memory map

LOAD /usr/lib/gcc/arm-none-eabi/9.2.1/thumb/v7e-m+fp/hard/crti.o
LOAD /usr/lib/gcc/arm-none-eabi/9.2.1/thumb/v7e-m+fp/hard/crtbegin.o
LOAD /usr/lib/gcc/arm-none-eabi/9.2.1/../../../arm-none-eabi/lib/thumb/v7e-m+fp/hard/crt0.o
LOAD build/main.o
LOAD build/stm32l4xx_it.o
LOAD build/stm32l4xx_hal_msp.o
LOAD build/stm32l4xx_hal_adc.o
LOAD build/stm32l4xx_hal_adc_ex.o
LOAD build/stm32l4xx_hal.o
LOAD build/stm32l4xx_hal_i2c.o
LOAD build/stm32l4xx_hal_i2c_ex.o
LOAD build/stm32l4xx_hal_rcc.o
LOAD build/stm32l4xx_hal_rcc_ex.o
LOAD build/stm32l4xx_hal_flash.o
LOAD build/stm32l4xx_hal_flash_ex.o
LOAD build/stm32l4xx_hal_flash_ramfunc.o
LOAD build/stm32l4xx_hal_gpio.o
LOAD build/stm32l4xx_hal_dma.o
LOAD build/stm32l4xx_hal_dma_ex.o
LOAD build/stm32l4xx_hal_pwr.o
LOAD build/stm32l4xx_hal_pwr_ex.o
LOAD build/stm32l4xx_hal_cortex.o
LOAD build/stm32l4xx_hal_exti.o
LOAD build/stm32l4xx_hal_tim.o
LOAD build/stm32l4xx_hal_tim_ex.o
LOAD build/stm32l4xx_hal_uart.o
LOAD build/stm32l4xx_hal_uart_ex.o
LOAD build/system_stm32l4xx.o
LOAD build/startup_stm32l432xx.o
LOAD /usr/lib/gcc/arm-none-eabi/9.2.1/../../../arm-none-eabi/lib/thumb/v7e-m+fp/hard/libc_nano.a
LOAD /usr/lib/gcc/arm-none-eabi/9.2.1/../../../arm-none-eabi/lib/thumb/v7e-m+fp/hard/libm.a
LOAD /usr/lib/gcc/arm-none-eabi/9.2.1/../../../arm-none-eabi/lib/thumb/v7e-m+fp/hard/libnosys.a
START GROUP
LOAD /usr/lib/gcc/arm-none-eabi/9.2.1/thumb/v7e-m+fp/hard/libgcc.a
LOAD /usr/lib/gcc/arm-none-eabi/9.2.1/../../../arm-none-eabi/lib/thumb/v7e-m+fp/hard/libc_nano.a
END GROUP
START GROUP
LOAD /usr/lib/gcc/arm-none-eabi/9.2.1/thumb/v7e-m+fp/hard/libgcc.a
LOAD /usr/lib/gcc/arm-none-eabi/9.2.1/../../../arm-none-eabi/lib/thumb/v7e-m+fp/hard/libc_nano.a
END GROUP
LOAD /usr/lib/gcc/arm-none-eabi/9.2.1/thumb/v7e-m+fp/hard/crtend.o
LOAD /usr/lib/gcc/arm-none-eabi/9.2.1/thumb/v7e-m+fp/hard/crtn.o
                0x0000000020010000                _estack = 0x20010000
                0x0000000000000200                _Min_Heap_Size = 0x200
                0x0000000000000400                _Min_Stack_Size = 0x400

.isr_vector     0x0000000008000000      0x190
                0x0000000008000000                . = ALIGN (0x8)
 *(.isr_vector)
 .isr_vector    0x0000000008000000      0x18c build/startup_stm32l432xx.o
                0x0000000008000000                g_pfnVectors
                0x0000000008000190                . = ALIGN (0x8)
 *fill*         0x000000000800018c        0x4 

.text           0x0000000008000190     0x26a0
                0x0000000008000190                . = ALIGN (0x8)
 *(.text)
 .text          0x0000000008000190       0x88 /usr/lib/gcc/arm-none-eabi/9.2.1/thumb/v7e-m+fp/hard/crtbegin.o
 .text          0x0000000008000218       0x48 /usr/lib/gcc/arm-none-eabi/9.2.1/../../../arm-none-eabi/lib/thumb/v7e-m+fp/hard/libc_nano.a(lib_a-init.o)
                0x0000000008000218                __libc_init_array
 .text          0x0000000008000260       0xa0 /usr/lib/gcc/arm-none-eabi/9.2.1/../../../arm-none-eabi/lib/thumb/v7e-m+fp/hard/libc_nano.a(lib_a-memset.o)
                0x0000000008000260                memset
 .text          0x0000000008000300       0x30 /usr/lib/gcc/arm-none-eabi/9.2.1/thumb/v7e-m+fp/hard/libgcc.a(_aeabi_uldivmod.o)
                0x0000000008000300                __aeabi_uldivmod
 .text          0x0000000008000330      0x2c4 /usr/lib/gcc/arm-none-eabi/9.2.1/thumb/v7e-m+fp/hard/libgcc.a(_udivmoddi4.o)
                0x0000000008000330                __udivmoddi4
 .text          0x00000000080005f4        0x4 /usr/lib/gcc/arm-none-eabi/9.2.1/thumb/v7e-m+fp/hard/libgcc.a(_dvmd_tls.o)
                0x00000000080005f4                __aeabi_ldiv0
                0x00000000080005f4                __aeabi_idiv0
 *(.text*)
 .text.MX_GPIO_Init
                0x00000000080005f8       0x20 build/main.o
 .text.MX_ADC1_Init
                0x0000000008000618       0x70 build/main.o
 .text.MX_USART2_UART_Init
                0x0000000008000688       0x30 build/main.o
 .text.SystemClock_Config
                0x00000000080006b8       0x9a build/main.o
                0x00000000080006b8                SystemClock_Config
 *fill*         0x0000000008000752        0x2 
 .text.main     0x0000000008000754       0x44 build/main.o
                0x0000000008000754                main
 .text.NMI_Handler
                0x0000000008000798        0x2 build/stm32l4xx_it.o
                0x0000000008000798                NMI_Handler
 .text.HardFault_Handler
                0x000000000800079a        0x2 build/stm32l4xx_it.o
                0x000000000800079a                HardFault_Handler
 .text.MemManage_Handler
                0x000000000800079c        0x2 build/stm32l4xx_it.o
                0x000000000800079c                MemManage_Handler
 .text.BusFault_Handler
                0x000000000800079e        0x2 build/stm32l4xx_it.o
                0x000000000800079e                BusFault_Handler
 .text.UsageFault_Handler
                0x00000000080007a0        0x2 build/stm32l4xx_it.o
                0x00000000080007a0                UsageFault_Handler
 .text.SVC_Handler
                0x00000000080007a2        0x2 build/stm32l4xx_it.o
                0x00000000080007a2                SVC_Handler
 .text.DebugMon_Handler
                0x00000000080007a4        0x2 build/stm32l4xx_it.o
                0x00000000080007a4                DebugMon_Handler
 .text.PendSV_Handler
                0x00000000080007a6        0x2 build/stm32l4xx_it.o
                0x00000000080007a6                PendSV_Handler
 .text.SysTick_Handler
                0x00000000080007a8        0x8 build/stm32l4xx_it.o
                0x00000000080007a8                SysTick_Handler
 .text.HAL_MspInit
                0x00000000080007b0       0x30 build/stm32l4xx_hal_msp.o
                0x00000000080007b0                HAL_MspInit
 .text.HAL_ADC_MspInit
                0x00000000080007e0       0x68 build/stm32l4xx_hal_msp.o
                0x00000000080007e0                HAL_ADC_MspInit
 .text.HAL_UART_MspInit
                0x0000000008000848       0x6c build/stm32l4xx_hal_msp.o
                0x0000000008000848                HAL_UART_MspInit
 .text.HAL_ADC_Init
                0x00000000080008b4      0x1d8 build/stm32l4xx_hal_adc.o
                0x00000000080008b4                HAL_ADC_Init
 .text.HAL_ADC_GetValue
                0x0000000008000a8c        0x6 build/stm32l4xx_hal_adc.o
                0x0000000008000a8c                HAL_ADC_GetValue
 *fill*         0x0000000008000a92        0x2 
 .text.HAL_ADC_ConfigChannel
                0x0000000008000a94      0x438 build/stm32l4xx_hal_adc.o
                0x0000000008000a94                HAL_ADC_ConfigChannel
 .text.ADC_Enable
                0x0000000008000ecc       0x90 build/stm32l4xx_hal_adc.o
                0x0000000008000ecc                ADC_Enable
 .text.HAL_ADC_Start
                0x0000000008000f5c       0x8c build/stm32l4xx_hal_adc.o
                0x0000000008000f5c                HAL_ADC_Start
 .text.HAL_InitTick
                0x0000000008000fe8       0x50 build/stm32l4xx_hal.o
                0x0000000008000fe8                HAL_InitTick
 .text.HAL_Init
                0x0000000008001038       0x1e build/stm32l4xx_hal.o
                0x0000000008001038                HAL_Init
 *fill*         0x0000000008001056        0x2 
 .text.HAL_IncTick
                0x0000000008001058       0x18 build/stm32l4xx_hal.o
                0x0000000008001058                HAL_IncTick
 .text.HAL_GetTick
                0x0000000008001070        0xc build/stm32l4xx_hal.o
                0x0000000008001070                HAL_GetTick
 .text.RCC_SetFlashLatencyFromMSIRange
                0x000000000800107c       0x90 build/stm32l4xx_hal_rcc.o
 .text.HAL_RCC_GetSysClockFreq
                0x000000000800110c       0xb4 build/stm32l4xx_hal_rcc.o
                0x000000000800110c                HAL_RCC_GetSysClockFreq
 .text.HAL_RCC_OscConfig
                0x00000000080011c0      0x680 build/stm32l4xx_hal_rcc.o
                0x00000000080011c0                HAL_RCC_OscConfig
 .text.HAL_RCC_ClockConfig
                0x0000000008001840      0x15c build/stm32l4xx_hal_rcc.o
                0x0000000008001840                HAL_RCC_ClockConfig
 .text.HAL_RCC_GetHCLKFreq
                0x000000000800199c        0xc build/stm32l4xx_hal_rcc.o
                0x000000000800199c                HAL_RCC_GetHCLKFreq
 .text.HAL_RCC_GetPCLK1Freq
                0x00000000080019a8       0x24 build/stm32l4xx_hal_rcc.o
                0x00000000080019a8                HAL_RCC_GetPCLK1Freq
 .text.HAL_RCC_GetPCLK2Freq
                0x00000000080019cc       0x24 build/stm32l4xx_hal_rcc.o
                0x00000000080019cc                HAL_RCC_GetPCLK2Freq
 .text.RCCEx_PLLSAI1_Config
                0x00000000080019f0      0x16c build/stm32l4xx_hal_rcc_ex.o
 .text.HAL_RCCEx_PeriphCLKConfig
                0x0000000008001b5c      0x2e8 build/stm32l4xx_hal_rcc_ex.o
                0x0000000008001b5c                HAL_RCCEx_PeriphCLKConfig
 .text.HAL_GPIO_Init
                0x0000000008001e44      0x180 build/stm32l4xx_hal_gpio.o
                0x0000000008001e44                HAL_GPIO_Init
 .text.HAL_PWREx_GetVoltageRange
                0x0000000008001fc4       0x10 build/stm32l4xx_hal_pwr_ex.o
                0x0000000008001fc4                HAL_PWREx_GetVoltageRange
 .text.HAL_PWREx_ControlVoltageScaling
                0x0000000008001fd4       0x90 build/stm32l4xx_hal_pwr_ex.o
                0x0000000008001fd4                HAL_PWREx_ControlVoltageScaling
 .text.HAL_NVIC_SetPriorityGrouping
                0x0000000008002064       0x24 build/stm32l4xx_hal_cortex.o
                0x0000000008002064                HAL_NVIC_SetPriorityGrouping
 .text.HAL_NVIC_SetPriority
                0x0000000008002088       0x68 build/stm32l4xx_hal_cortex.o
                0x0000000008002088                HAL_NVIC_SetPriority
 .text.HAL_SYSTICK_Config
                0x00000000080020f0       0x2c build/stm32l4xx_hal_cortex.o
                0x00000000080020f0                HAL_SYSTICK_Config
 .text.UART_SetConfig
                0x000000000800211c      0x34c build/stm32l4xx_hal_uart.o
                0x000000000800211c                UART_SetConfig
 .text.UART_AdvFeatureConfig
                0x0000000008002468       0xca build/stm32l4xx_hal_uart.o
                0x0000000008002468                UART_AdvFeatureConfig
 .text.UART_WaitOnFlagUntilTimeout
                0x0000000008002532       0xa2 build/stm32l4xx_hal_uart.o
                0x0000000008002532                UART_WaitOnFlagUntilTimeout
 .text.HAL_UART_Transmit
                0x00000000080025d4       0xd6 build/stm32l4xx_hal_uart.o
                0x00000000080025d4                HAL_UART_Transmit
 .text.UART_CheckIdleState
                0x00000000080026aa       0x6c build/stm32l4xx_hal_uart.o
                0x00000000080026aa                UART_CheckIdleState
 .text.HAL_UART_Init
                0x0000000008002716       0x62 build/stm32l4xx_hal_uart.o
                0x0000000008002716                HAL_UART_Init
 .text.SystemInit
                0x0000000008002778       0x48 build/system_stm32l4xx.o
                0x0000000008002778                SystemInit
 .text.Reset_Handler
                0x00000000080027c0       0x50 build/startup_stm32l432xx.o
                0x00000000080027c0                Reset_Handler
 .text.Default_Handler
                0x0000000008002810        0x2 build/startup_stm32l432xx.o
                0x0000000008002810                RTC_Alarm_IRQHandler
                0x0000000008002810                EXTI2_IRQHandler
                0x0000000008002810                TIM1_CC_IRQHandler
                0x0000000008002810                TSC_IRQHandler
                0x0000000008002810                TAMP_STAMP_IRQHandler
                0x0000000008002810                EXTI3_IRQHandler
                0x0000000008002810                LPTIM2_IRQHandler
                0x0000000008002810                I2C3_ER_IRQHandler
                0x0000000008002810                EXTI0_IRQHandler
                0x0000000008002810                CAN1_RX0_IRQHandler
                0x0000000008002810                FPU_IRQHandler
                0x0000000008002810                TIM1_UP_TIM16_IRQHandler
                0x0000000008002810                SPI1_IRQHandler
                0x0000000008002810                TIM6_DAC_IRQHandler
                0x0000000008002810                DMA2_Channel2_IRQHandler
                0x0000000008002810                DMA1_Channel4_IRQHandler
                0x0000000008002810                ADC1_IRQHandler
                0x0000000008002810                DMA1_Channel7_IRQHandler
                0x0000000008002810                CAN1_RX1_IRQHandler
                0x0000000008002810                DMA2_Channel1_IRQHandler
                0x0000000008002810                QUADSPI_IRQHandler
                0x0000000008002810                I2C1_EV_IRQHandler
                0x0000000008002810                DMA1_Channel6_IRQHandler
                0x0000000008002810                DMA2_Channel4_IRQHandler
                0x0000000008002810                RCC_IRQHandler
                0x0000000008002810                TIM1_TRG_COM_IRQHandler
                0x0000000008002810                DMA1_Channel1_IRQHandler
                0x0000000008002810                Default_Handler
                0x0000000008002810                DMA2_Channel7_IRQHandler
                0x0000000008002810                EXTI15_10_IRQHandler
                0x0000000008002810                TIM7_IRQHandler
                0x0000000008002810                I2C3_EV_IRQHandler
                0x0000000008002810                USB_IRQHandler
                0x0000000008002810                EXTI9_5_IRQHandler
                0x0000000008002810                RTC_WKUP_IRQHandler
                0x0000000008002810                PVD_PVM_IRQHandler
                0x0000000008002810                CAN1_TX_IRQHandler
                0x0000000008002810                DMA2_Channel5_IRQHandler
                0x0000000008002810                CRS_IRQHandler
                0x0000000008002810                DMA1_Channel5_IRQHandler
                0x0000000008002810                EXTI4_IRQHandler
                0x0000000008002810                RNG_IRQHandler
                0x0000000008002810                DMA1_Channel3_IRQHandler
                0x0000000008002810                COMP_IRQHandler
                0x0000000008002810                WWDG_IRQHandler
                0x0000000008002810                LPUART1_IRQHandler
                0x0000000008002810                DMA2_Channel6_IRQHandler
                0x0000000008002810                TIM2_IRQHandler
                0x0000000008002810                EXTI1_IRQHandler
                0x0000000008002810                USART2_IRQHandler
                0x0000000008002810                DMA1_Channel2_IRQHandler
                0x0000000008002810                CAN1_SCE_IRQHandler
                0x0000000008002810                FLASH_IRQHandler
                0x0000000008002810                USART1_IRQHandler
                0x0000000008002810                SPI3_IRQHandler
                0x0000000008002810                I2C1_ER_IRQHandler
                0x0000000008002810                SWPMI1_IRQHandler
                0x0000000008002810                LPTIM1_IRQHandler
                0x0000000008002810                SAI1_IRQHandler
                0x0000000008002810                DMA2_Channel3_IRQHandler
                0x0000000008002810                TIM1_BRK_TIM15_IRQHandler
 *(.glue_7)
 .glue_7        0x0000000008002812        0x0 linker stubs
 *(.glue_7t)
 .glue_7t       0x0000000008002812        0x0 linker stubs
 *(.eh_frame)
 *fill*         0x0000000008002812        0x2 
 .eh_frame      0x0000000008002814        0x0 /usr/lib/gcc/arm-none-eabi/9.2.1/thumb/v7e-m+fp/hard/crtbegin.o
 *(.init)
 .init          0x0000000008002814        0x4 /usr/lib/gcc/arm-none-eabi/9.2.1/thumb/v7e-m+fp/hard/crti.o
                0x0000000008002814                _init
 .init          0x0000000008002818        0x8 /usr/lib/gcc/arm-none-eabi/9.2.1/thumb/v7e-m+fp/hard/crtn.o
 *(.fini)
 .fini          0x0000000008002820        0x4 /usr/lib/gcc/arm-none-eabi/9.2.1/thumb/v7e-m+fp/hard/crti.o
                0x0000000008002820                _fini
 .fini          0x0000000008002824        0x8 /usr/lib/gcc/arm-none-eabi/9.2.1/thumb/v7e-m+fp/hard/crtn.o
                0x0000000008002830                . = ALIGN (0x8)
 *fill*         0x000000000800282c        0x4 
                0x0000000008002830                _etext = .

.vfp11_veneer   0x0000000008002830        0x0
 .vfp11_veneer  0x0000000008002830        0x0 linker stubs

.v4_bx          0x0000000008002830        0x0
 .v4_bx         0x0000000008002830        0x0 linker stubs

.iplt           0x0000000008002830        0x0
 .iplt          0x0000000008002830        0x0 /usr/lib/gcc/arm-none-eabi/9.2.1/thumb/v7e-m+fp/hard/crtbegin.o

.rodata         0x0000000008002830       0x48
                0x0000000008002830                . = ALIGN (0x8)
 *(.rodata)
 *(.rodata*)
 .rodata.AHBPrescTable
                0x0000000008002830       0x10 build/system_stm32l4xx.o
                0x0000000008002830                AHBPrescTable
 .rodata.APBPrescTable
                0x0000000008002840        0x8 build/system_stm32l4xx.o
                0x0000000008002840                APBPrescTable
 .rodata.MSIRangeTable
                0x0000000008002848       0x30 build/system_stm32l4xx.o
                0x0000000008002848                MSIRangeTable
                0x0000000008002878                . = ALIGN (0x8)

.ARM.extab      0x0000000008002878        0x0
                0x0000000008002878                . = ALIGN (0x8)
 *(.ARM.extab* .gnu.linkonce.armextab.*)
                0x0000000008002878                . = ALIGN (0x8)

.ARM            0x0000000008002878        0x8
                0x0000000008002878                . = ALIGN (0x8)
                0x0000000008002878                __exidx_start = .
 *(.ARM.exidx*)
 .ARM.exidx     0x0000000008002878        0x8 /usr/lib/gcc/arm-none-eabi/9.2.1/thumb/v7e-m+fp/hard/libgcc.a(_udivmoddi4.o)
                0x0000000008002880                __exidx_end = .
                0x0000000008002880                . = ALIGN (0x8)

.rel.dyn        0x0000000008002880        0x0
 .rel.iplt      0x0000000008002880        0x0 /usr/lib/gcc/arm-none-eabi/9.2.1/thumb/v7e-m+fp/hard/crtbegin.o

.preinit_array  0x0000000008002880        0x0
                0x0000000008002880                . = ALIGN (0x8)
                0x0000000008002880                PROVIDE (__preinit_array_start = .)
 *(.preinit_array*)
                0x0000000008002880                PROVIDE (__preinit_array_end = .)
                0x0000000008002880                . = ALIGN (0x8)

.init_array     0x0000000008002880        0x8
                0x0000000008002880                . = ALIGN (0x8)
                0x0000000008002880                PROVIDE (__init_array_start = .)
 *(SORT_BY_NAME(.init_array.*))
 *(.init_array*)
 .init_array    0x0000000008002880        0x4 /usr/lib/gcc/arm-none-eabi/9.2.1/thumb/v7e-m+fp/hard/crtbegin.o
                0x0000000008002884                PROVIDE (__init_array_end = .)
                0x0000000008002888                . = ALIGN (0x8)
 *fill*         0x0000000008002884        0x4 

.fini_array     0x0000000008002888        0x8
                0x0000000008002888                . = ALIGN (0x8)
                0x0000000008002888                PROVIDE (__fini_array_start = .)
 *(SORT_BY_NAME(.fini_array.*))
 *(.fini_array*)
 .fini_array    0x0000000008002888        0x4 /usr/lib/gcc/arm-none-eabi/9.2.1/thumb/v7e-m+fp/hard/crtbegin.o
                0x000000000800288c                PROVIDE (__fini_array_end = .)
                0x0000000008002890                . = ALIGN (0x8)
 *fill*         0x000000000800288c        0x4 
                0x0000000008002890                _sidata = LOADADDR (.data)

.data           0x0000000020000000       0x10 load address 0x0000000008002890
                0x0000000020000000                . = ALIGN (0x8)
                0x0000000020000000                _sdata = .
 *(.data)
 *(.data*)
 .data.uwTickFreq
                0x0000000020000000        0x4 build/stm32l4xx_hal.o
                0x0000000020000000                uwTickFreq
 .data.uwTickPrio
                0x0000000020000004        0x4 build/stm32l4xx_hal.o
                0x0000000020000004                uwTickPrio
 .data.SystemCoreClock
                0x0000000020000008        0x4 build/system_stm32l4xx.o
                0x0000000020000008                SystemCoreClock
                0x0000000020000010                . = ALIGN (0x8)
 *fill*         0x000000002000000c        0x4 
                0x0000000020000010                _edata = .

.tm_clone_table
                0x0000000020000010        0x0 load address 0x00000000080028a0
 .tm_clone_table
                0x0000000020000010        0x0 /usr/lib/gcc/arm-none-eabi/9.2.1/thumb/v7e-m+fp/hard/crtbegin.o
 .tm_clone_table
                0x0000000020000010        0x0 /usr/lib/gcc/arm-none-eabi/9.2.1/thumb/v7e-m+fp/hard/crtend.o

.igot.plt       0x0000000020000010        0x0 load address 0x00000000080028a0
 .igot.plt      0x0000000020000010        0x0 /usr/lib/gcc/arm-none-eabi/9.2.1/thumb/v7e-m+fp/hard/crtbegin.o
                0x0000000020000010                . = ALIGN (0x4)

.bss            0x0000000020000010      0x104 load address 0x00000000080028a0
                0x0000000020000010                _sbss = .
                0x0000000020000010                __bss_start__ = _sbss
 *(.bss)
 .bss           0x0000000020000010       0x1c /usr/lib/gcc/arm-none-eabi/9.2.1/thumb/v7e-m+fp/hard/crtbegin.o
 *(.bss*)
 *(COMMON)
 COMMON         0x000000002000002c       0xe4 build/main.o
                0x000000002000002c                hadc1
                0x0000000020000090                huart2
 COMMON         0x0000000020000110        0x4 build/stm32l4xx_hal.o
                0x0000000020000110                uwTick
                0x0000000020000114                . = ALIGN (0x4)
                0x0000000020000114                _ebss = .
                0x0000000020000114                __bss_end__ = _ebss

._user_heap_stack
                0x0000000020000114      0x604 load address 0x00000000080028a0
                0x0000000020000118                . = ALIGN (0x8)
 *fill*         0x0000000020000114        0x4 
                [!provide]                        PROVIDE (end = .)
                [!provide]                        PROVIDE (_end = .)
                0x0000000020000318                . = (. + _Min_Heap_Size)
 *fill*         0x0000000020000118      0x200 
                0x0000000020000718                . = (. + _Min_Stack_Size)
 *fill*         0x0000000020000318      0x400 
                0x0000000020000718                . = ALIGN (0x8)

/DISCARD/
 libc.a(*)
 libm.a(*)
 libgcc.a(*)

.ARM.attributes
                0x0000000000000000       0x30
 *(.ARM.attributes)
 .ARM.attributes
                0x0000000000000000       0x1e /usr/lib/gcc/arm-none-eabi/9.2.1/thumb/v7e-m+fp/hard/crti.o
 .ARM.attributes
                0x000000000000001e       0x34 /usr/lib/gcc/arm-none-eabi/9.2.1/thumb/v7e-m+fp/hard/crtbegin.o
 .ARM.attributes
                0x0000000000000052       0x34 build/main.o
 .ARM.attributes
                0x0000000000000086       0x34 build/stm32l4xx_it.o
 .ARM.attributes
                0x00000000000000ba       0x34 build/stm32l4xx_hal_msp.o
 .ARM.attributes
                0x00000000000000ee       0x34 build/stm32l4xx_hal_adc.o
 .ARM.attributes
                0x0000000000000122       0x34 build/stm32l4xx_hal.o
 .ARM.attributes
                0x0000000000000156       0x34 build/stm32l4xx_hal_rcc.o
 .ARM.attributes
                0x000000000000018a       0x34 build/stm32l4xx_hal_rcc_ex.o
 .ARM.attributes
                0x00000000000001be       0x34 build/stm32l4xx_hal_gpio.o
 .ARM.attributes
                0x00000000000001f2       0x34 build/stm32l4xx_hal_pwr_ex.o
 .ARM.attributes
                0x0000000000000226       0x34 build/stm32l4xx_hal_cortex.o
 .ARM.attributes
                0x000000000000025a       0x34 build/stm32l4xx_hal_uart.o
 .ARM.attributes
                0x000000000000028e       0x34 build/system_stm32l4xx.o
 .ARM.attributes
                0x00000000000002c2       0x21 build/startup_stm32l432xx.o
 .ARM.attributes
                0x00000000000002e3       0x34 /usr/lib/gcc/arm-none-eabi/9.2.1/../../../arm-none-eabi/lib/thumb/v7e-m+fp/hard/libc_nano.a(lib_a-init.o)
 .ARM.attributes
                0x0000000000000317       0x34 /usr/lib/gcc/arm-none-eabi/9.2.1/../../../arm-none-eabi/lib/thumb/v7e-m+fp/hard/libc_nano.a(lib_a-memset.o)
 .ARM.attributes
                0x000000000000034b       0x1e /usr/lib/gcc/arm-none-eabi/9.2.1/thumb/v7e-m+fp/hard/libgcc.a(_aeabi_uldivmod.o)
 .ARM.attributes
                0x0000000000000369       0x34 /usr/lib/gcc/arm-none-eabi/9.2.1/thumb/v7e-m+fp/hard/libgcc.a(_udivmoddi4.o)
 .ARM.attributes
                0x000000000000039d       0x1e /usr/lib/gcc/arm-none-eabi/9.2.1/thumb/v7e-m+fp/hard/libgcc.a(_dvmd_tls.o)
 .ARM.attributes
                0x00000000000003bb       0x32 /usr/lib/gcc/arm-none-eabi/9.2.1/thumb/v7e-m+fp/hard/crtend.o
 .ARM.attributes
                0x00000000000003ed       0x1e /usr/lib/gcc/arm-none-eabi/9.2.1/thumb/v7e-m+fp/hard/crtn.o
OUTPUT(build/adc.elf elf32-littlearm)
LOAD linker stubs
LOAD /usr/lib/gcc/arm-none-eabi/9.2.1/../../../arm-none-eabi/lib/thumb/v7e-m+fp/hard/libc.a
LOAD /usr/lib/gcc/arm-none-eabi/9.2.1/../../../arm-none-eabi/lib/thumb/v7e-m+fp/hard/libm.a
LOAD /usr/lib/gcc/arm-none-eabi/9.2.1/thumb/v7e-m+fp/hard/libgcc.a

.comment        0x0000000000000000       0xa7
 .comment       0x0000000000000000       0x59 /usr/lib/gcc/arm-none-eabi/9.2.1/thumb/v7e-m+fp/hard/crtbegin.o
                                         0x5a (size before relaxing)
 .comment       0x0000000000000059       0x5a build/main.o
 .comment       0x0000000000000059       0x5a build/stm32l4xx_it.o
 .comment       0x0000000000000059       0x5a build/stm32l4xx_hal_msp.o
 .comment       0x0000000000000059       0x5a build/stm32l4xx_hal_adc.o
 .comment       0x0000000000000059       0x5a build/stm32l4xx_hal.o
 .comment       0x0000000000000059       0x5a build/stm32l4xx_hal_rcc.o
 .comment       0x0000000000000059       0x5a build/stm32l4xx_hal_rcc_ex.o
 .comment       0x0000000000000059       0x5a build/stm32l4xx_hal_gpio.o
 .comment       0x0000000000000059       0x5a build/stm32l4xx_hal_pwr_ex.o
 .comment       0x0000000000000059       0x5a build/stm32l4xx_hal_cortex.o
 .comment       0x0000000000000059       0x5a build/stm32l4xx_hal_uart.o
 .comment       0x0000000000000059       0x5a build/system_stm32l4xx.o
 .comment       0x0000000000000059       0x4e /usr/lib/gcc/arm-none-eabi/9.2.1/../../../arm-none-eabi/lib/thumb/v7e-m+fp/hard/libc_nano.a(lib_a-init.o)
                                         0x4f (size before relaxing)
 .comment       0x00000000000000a7       0x4f /usr/lib/gcc/arm-none-eabi/9.2.1/../../../arm-none-eabi/lib/thumb/v7e-m+fp/hard/libc_nano.a(lib_a-memset.o)
 .comment       0x00000000000000a7       0x5a /usr/lib/gcc/arm-none-eabi/9.2.1/thumb/v7e-m+fp/hard/libgcc.a(_udivmoddi4.o)
 .comment       0x00000000000000a7       0x5a /usr/lib/gcc/arm-none-eabi/9.2.1/thumb/v7e-m+fp/hard/crtend.o

.debug_info     0x0000000000000000    0x11125
 .debug_info    0x0000000000000000     0x2028 build/main.o
 .debug_info    0x0000000000002028      0x380 build/stm32l4xx_it.o
 .debug_info    0x00000000000023a8     0x1320 build/stm32l4xx_hal_msp.o
 .debug_info    0x00000000000036c8     0x322e build/stm32l4xx_hal_adc.o
 .debug_info    0x00000000000068f6      0xce0 build/stm32l4xx_hal.o
 .debug_info    0x00000000000075d6     0x1170 build/stm32l4xx_hal_rcc.o
 .debug_info    0x0000000000008746     0x1571 build/stm32l4xx_hal_rcc_ex.o
 .debug_info    0x0000000000009cb7      0xafe build/stm32l4xx_hal_gpio.o
 .debug_info    0x000000000000a7b5      0xd04 build/stm32l4xx_hal_pwr_ex.o
 .debug_info    0x000000000000b4b9     0x12d4 build/stm32l4xx_hal_cortex.o
 .debug_info    0x000000000000c78d     0x2360 build/stm32l4xx_hal_uart.o
 .debug_info    0x000000000000eaed      0x813 build/system_stm32l4xx.o
 .debug_info    0x000000000000f300       0x22 build/startup_stm32l432xx.o
 .debug_info    0x000000000000f322      0x11a /usr/lib/gcc/arm-none-eabi/9.2.1/../../../arm-none-eabi/lib/thumb/v7e-m+fp/hard/libc_nano.a(lib_a-init.o)
 .debug_info    0x000000000000f43c      0xf21 /usr/lib/gcc/arm-none-eabi/9.2.1/../../../arm-none-eabi/lib/thumb/v7e-m+fp/hard/libc_nano.a(lib_a-memset.o)
 .debug_info    0x000000000001035d       0x26 /usr/lib/gcc/arm-none-eabi/9.2.1/thumb/v7e-m+fp/hard/libgcc.a(_aeabi_uldivmod.o)
 .debug_info    0x0000000000010383      0xd7c /usr/lib/gcc/arm-none-eabi/9.2.1/thumb/v7e-m+fp/hard/libgcc.a(_udivmoddi4.o)
 .debug_info    0x00000000000110ff       0x26 /usr/lib/gcc/arm-none-eabi/9.2.1/thumb/v7e-m+fp/hard/libgcc.a(_dvmd_tls.o)

.debug_abbrev   0x0000000000000000     0x2136
 .debug_abbrev  0x0000000000000000      0x2ef build/main.o
 .debug_abbrev  0x00000000000002ef      0x112 build/stm32l4xx_it.o
 .debug_abbrev  0x0000000000000401      0x1bf build/stm32l4xx_hal_msp.o
 .debug_abbrev  0x00000000000005c0      0x2eb build/stm32l4xx_hal_adc.o
 .debug_abbrev  0x00000000000008ab      0x23c build/stm32l4xx_hal.o
 .debug_abbrev  0x0000000000000ae7      0x28e build/stm32l4xx_hal_rcc.o
 .debug_abbrev  0x0000000000000d75      0x2c3 build/stm32l4xx_hal_rcc_ex.o
 .debug_abbrev  0x0000000000001038      0x24f build/stm32l4xx_hal_gpio.o
 .debug_abbrev  0x0000000000001287      0x247 build/stm32l4xx_hal_pwr_ex.o
 .debug_abbrev  0x00000000000014ce      0x3a8 build/stm32l4xx_hal_cortex.o
 .debug_abbrev  0x0000000000001876      0x2ac build/stm32l4xx_hal_uart.o
 .debug_abbrev  0x0000000000001b22      0x173 build/system_stm32l4xx.o
 .debug_abbrev  0x0000000000001c95       0x12 build/startup_stm32l432xx.o
 .debug_abbrev  0x0000000000001ca7       0xcc /usr/lib/gcc/arm-none-eabi/9.2.1/../../../arm-none-eabi/lib/thumb/v7e-m+fp/hard/libc_nano.a(lib_a-init.o)
 .debug_abbrev  0x0000000000001d73      0x1d9 /usr/lib/gcc/arm-none-eabi/9.2.1/../../../arm-none-eabi/lib/thumb/v7e-m+fp/hard/libc_nano.a(lib_a-memset.o)
 .debug_abbrev  0x0000000000001f4c       0x14 /usr/lib/gcc/arm-none-eabi/9.2.1/thumb/v7e-m+fp/hard/libgcc.a(_aeabi_uldivmod.o)
 .debug_abbrev  0x0000000000001f60      0x1c2 /usr/lib/gcc/arm-none-eabi/9.2.1/thumb/v7e-m+fp/hard/libgcc.a(_udivmoddi4.o)
 .debug_abbrev  0x0000000000002122       0x14 /usr/lib/gcc/arm-none-eabi/9.2.1/thumb/v7e-m+fp/hard/libgcc.a(_dvmd_tls.o)

.debug_loc      0x0000000000000000     0x995c
 .debug_loc     0x0000000000000000       0xe9 build/main.o
 .debug_loc     0x00000000000000e9       0x20 build/stm32l4xx_it.o
 .debug_loc     0x0000000000000109      0x1fc build/stm32l4xx_hal_msp.o
 .debug_loc     0x0000000000000305     0x260c build/stm32l4xx_hal_adc.o
 .debug_loc     0x0000000000002911      0x254 build/stm32l4xx_hal.o
 .debug_loc     0x0000000000002b65      0x9d1 build/stm32l4xx_hal_rcc.o
 .debug_loc     0x0000000000003536     0x18da build/stm32l4xx_hal_rcc_ex.o
 .debug_loc     0x0000000000004e10      0x3d1 build/stm32l4xx_hal_gpio.o
 .debug_loc     0x00000000000051e1      0x76f build/stm32l4xx_hal_pwr_ex.o
 .debug_loc     0x0000000000005950      0x7d4 build/stm32l4xx_hal_cortex.o
 .debug_loc     0x0000000000006124     0x23af build/stm32l4xx_hal_uart.o
 .debug_loc     0x00000000000084d3      0x1fc build/system_stm32l4xx.o
 .debug_loc     0x00000000000086cf       0xba /usr/lib/gcc/arm-none-eabi/9.2.1/../../../arm-none-eabi/lib/thumb/v7e-m+fp/hard/libc_nano.a(lib_a-init.o)
 .debug_loc     0x0000000000008789      0x231 /usr/lib/gcc/arm-none-eabi/9.2.1/../../../arm-none-eabi/lib/thumb/v7e-m+fp/hard/libc_nano.a(lib_a-memset.o)
 .debug_loc     0x00000000000089ba      0xfa2 /usr/lib/gcc/arm-none-eabi/9.2.1/thumb/v7e-m+fp/hard/libgcc.a(_udivmoddi4.o)

.debug_aranges  0x0000000000000000      0x988
 .debug_aranges
                0x0000000000000000       0x48 build/main.o
 .debug_aranges
                0x0000000000000048       0x60 build/stm32l4xx_it.o
 .debug_aranges
                0x00000000000000a8       0x40 build/stm32l4xx_hal_msp.o
 .debug_aranges
                0x00000000000000e8       0xf8 build/stm32l4xx_hal_adc.o
 .debug_aranges
                0x00000000000001e0      0x108 build/stm32l4xx_hal.o
 .debug_aranges
                0x00000000000002e8       0x88 build/stm32l4xx_hal_rcc.o
 .debug_aranges
                0x0000000000000370       0xf0 build/stm32l4xx_hal_rcc_ex.o
 .debug_aranges
                0x0000000000000460       0x58 build/stm32l4xx_hal_gpio.o
 .debug_aranges
                0x00000000000004b8      0x128 build/stm32l4xx_hal_pwr_ex.o
 .debug_aranges
                0x00000000000005e0       0xa8 build/stm32l4xx_hal_cortex.o
 .debug_aranges
                0x0000000000000688      0x210 build/stm32l4xx_hal_uart.o
 .debug_aranges
                0x0000000000000898       0x28 build/system_stm32l4xx.o
 .debug_aranges
                0x00000000000008c0       0x28 build/startup_stm32l432xx.o
 .debug_aranges
                0x00000000000008e8       0x20 /usr/lib/gcc/arm-none-eabi/9.2.1/../../../arm-none-eabi/lib/thumb/v7e-m+fp/hard/libc_nano.a(lib_a-init.o)
 .debug_aranges
                0x0000000000000908       0x20 /usr/lib/gcc/arm-none-eabi/9.2.1/../../../arm-none-eabi/lib/thumb/v7e-m+fp/hard/libc_nano.a(lib_a-memset.o)
 .debug_aranges
                0x0000000000000928       0x20 /usr/lib/gcc/arm-none-eabi/9.2.1/thumb/v7e-m+fp/hard/libgcc.a(_aeabi_uldivmod.o)
 .debug_aranges
                0x0000000000000948       0x20 /usr/lib/gcc/arm-none-eabi/9.2.1/thumb/v7e-m+fp/hard/libgcc.a(_udivmoddi4.o)
 .debug_aranges
                0x0000000000000968       0x20 /usr/lib/gcc/arm-none-eabi/9.2.1/thumb/v7e-m+fp/hard/libgcc.a(_dvmd_tls.o)

.debug_ranges   0x0000000000000000      0xa68
 .debug_ranges  0x0000000000000000       0x38 build/main.o
 .debug_ranges  0x0000000000000038       0x50 build/stm32l4xx_it.o
 .debug_ranges  0x0000000000000088       0x30 build/stm32l4xx_hal_msp.o
 .debug_ranges  0x00000000000000b8      0x1d8 build/stm32l4xx_hal_adc.o
 .debug_ranges  0x0000000000000290       0xf8 build/stm32l4xx_hal.o
 .debug_ranges  0x0000000000000388       0x90 build/stm32l4xx_hal_rcc.o
 .debug_ranges  0x0000000000000418       0xf8 build/stm32l4xx_hal_rcc_ex.o
 .debug_ranges  0x0000000000000510       0x48 build/stm32l4xx_hal_gpio.o
 .debug_ranges  0x0000000000000558      0x118 build/stm32l4xx_hal_pwr_ex.o
 .debug_ranges  0x0000000000000670       0xf8 build/stm32l4xx_hal_cortex.o
 .debug_ranges  0x0000000000000768      0x200 build/stm32l4xx_hal_uart.o
 .debug_ranges  0x0000000000000968       0x18 build/system_stm32l4xx.o
 .debug_ranges  0x0000000000000980       0x20 build/startup_stm32l432xx.o
 .debug_ranges  0x00000000000009a0       0xc8 /usr/lib/gcc/arm-none-eabi/9.2.1/thumb/v7e-m+fp/hard/libgcc.a(_udivmoddi4.o)

.debug_line     0x0000000000000000     0x9543
 .debug_line    0x0000000000000000      0x50b build/main.o
 .debug_line    0x000000000000050b      0x229 build/stm32l4xx_it.o
 .debug_line    0x0000000000000734      0x2fd build/stm32l4xx_hal_msp.o
 .debug_line    0x0000000000000a31     0x1edf build/stm32l4xx_hal_adc.o
 .debug_line    0x0000000000002910      0x56e build/stm32l4xx_hal.o
 .debug_line    0x0000000000002e7e      0xebb build/stm32l4xx_hal_rcc.o
 .debug_line    0x0000000000003d39     0x127a build/stm32l4xx_hal_rcc_ex.o
 .debug_line    0x0000000000004fb3      0x634 build/stm32l4xx_hal_gpio.o
 .debug_line    0x00000000000055e7      0x869 build/stm32l4xx_hal_pwr_ex.o
 .debug_line    0x0000000000005e50      0x737 build/stm32l4xx_hal_cortex.o
 .debug_line    0x0000000000006587     0x224a build/stm32l4xx_hal_uart.o
 .debug_line    0x00000000000087d1      0x2ad build/system_stm32l4xx.o
 .debug_line    0x0000000000008a7e       0x73 build/startup_stm32l432xx.o
 .debug_line    0x0000000000008af1      0x10d /usr/lib/gcc/arm-none-eabi/9.2.1/../../../arm-none-eabi/lib/thumb/v7e-m+fp/hard/libc_nano.a(lib_a-init.o)
 .debug_line    0x0000000000008bfe      0x26b /usr/lib/gcc/arm-none-eabi/9.2.1/../../../arm-none-eabi/lib/thumb/v7e-m+fp/hard/libc_nano.a(lib_a-memset.o)
 .debug_line    0x0000000000008e69       0x60 /usr/lib/gcc/arm-none-eabi/9.2.1/thumb/v7e-m+fp/hard/libgcc.a(_aeabi_uldivmod.o)
 .debug_line    0x0000000000008ec9      0x61a /usr/lib/gcc/arm-none-eabi/9.2.1/thumb/v7e-m+fp/hard/libgcc.a(_udivmoddi4.o)
 .debug_line    0x00000000000094e3       0x60 /usr/lib/gcc/arm-none-eabi/9.2.1/thumb/v7e-m+fp/hard/libgcc.a(_dvmd_tls.o)

.debug_str      0x0000000000000000     0x53db
 .debug_str     0x0000000000000000     0x127e build/main.o
                                       0x13a1 (size before relaxing)
 .debug_str     0x000000000000127e       0xaf build/stm32l4xx_it.o
                                        0x458 (size before relaxing)
 .debug_str     0x000000000000132d       0xfb build/stm32l4xx_hal_msp.o
                                        0xbf3 (size before relaxing)
 .debug_str     0x0000000000001428      0x933 build/stm32l4xx_hal_adc.o
                                       0x1285 (size before relaxing)
 .debug_str     0x0000000000001d5b      0x6fb build/stm32l4xx_hal.o
                                        0xc81 (size before relaxing)
 .debug_str     0x0000000000002456      0x28f build/stm32l4xx_hal_rcc.o
                                        0x9f4 (size before relaxing)
 .debug_str     0x00000000000026e5      0x4c5 build/stm32l4xx_hal_rcc_ex.o
                                        0xd60 (size before relaxing)
 .debug_str     0x0000000000002baa      0x103 build/stm32l4xx_hal_gpio.o
                                        0x74d (size before relaxing)
 .debug_str     0x0000000000002cad      0x47b build/stm32l4xx_hal_pwr_ex.o
                                        0x997 (size before relaxing)
 .debug_str     0x0000000000003128      0x44a build/stm32l4xx_hal_cortex.o
                                        0xcff (size before relaxing)
 .debug_str     0x0000000000003572      0x741 build/stm32l4xx_hal_uart.o
                                       0x10f3 (size before relaxing)
 .debug_str     0x0000000000003cb3       0x38 build/system_stm32l4xx.o
                                        0x5ab (size before relaxing)
 .debug_str     0x0000000000003ceb       0x22 build/startup_stm32l432xx.o
                                         0x62 (size before relaxing)
 .debug_str     0x0000000000003d0d      0x18e /usr/lib/gcc/arm-none-eabi/9.2.1/../../../arm-none-eabi/lib/thumb/v7e-m+fp/hard/libc_nano.a(lib_a-init.o)
                                        0x229 (size before relaxing)
 .debug_str     0x0000000000003e9b      0x398 /usr/lib/gcc/arm-none-eabi/9.2.1/../../../arm-none-eabi/lib/thumb/v7e-m+fp/hard/libc_nano.a(lib_a-memset.o)
                                        0x90f (size before relaxing)
 .debug_str     0x0000000000004233       0x97 /usr/lib/gcc/arm-none-eabi/9.2.1/thumb/v7e-m+fp/hard/libgcc.a(_aeabi_uldivmod.o)
                                         0xa3 (size before relaxing)
 .debug_str     0x00000000000042ca     0x10e1 /usr/lib/gcc/arm-none-eabi/9.2.1/thumb/v7e-m+fp/hard/libgcc.a(_udivmoddi4.o)
                                       0x11e6 (size before relaxing)
 .debug_str     0x00000000000053ab       0x30 /usr/lib/gcc/arm-none-eabi/9.2.1/thumb/v7e-m+fp/hard/libgcc.a(_dvmd_tls.o)
                                         0xa7 (size before relaxing)

.debug_frame    0x0000000000000000     0x1608
 .debug_frame   0x0000000000000000       0xb4 build/main.o
 .debug_frame   0x00000000000000b4       0xa8 build/stm32l4xx_it.o
 .debug_frame   0x000000000000015c       0x98 build/stm32l4xx_hal_msp.o
 .debug_frame   0x00000000000001f4      0x2f4 build/stm32l4xx_hal_adc.o
 .debug_frame   0x00000000000004e8      0x21c build/stm32l4xx_hal.o
 .debug_frame   0x0000000000000704      0x18c build/stm32l4xx_hal_rcc.o
 .debug_frame   0x0000000000000890      0x248 build/stm32l4xx_hal_rcc_ex.o
 .debug_frame   0x0000000000000ad8       0xd0 build/stm32l4xx_hal_gpio.o
 .debug_frame   0x0000000000000ba8      0x248 build/stm32l4xx_hal_pwr_ex.o
 .debug_frame   0x0000000000000df0      0x15c build/stm32l4xx_hal_cortex.o
 .debug_frame   0x0000000000000f4c      0x5c8 build/stm32l4xx_hal_uart.o
 .debug_frame   0x0000000000001514       0x30 build/system_stm32l4xx.o
 .debug_frame   0x0000000000001544       0x2c /usr/lib/gcc/arm-none-eabi/9.2.1/../../../arm-none-eabi/lib/thumb/v7e-m+fp/hard/libc_nano.a(lib_a-init.o)
 .debug_frame   0x0000000000001570       0x38 /usr/lib/gcc/arm-none-eabi/9.2.1/../../../arm-none-eabi/lib/thumb/v7e-m+fp/hard/libc_nano.a(lib_a-memset.o)
 .debug_frame   0x00000000000015a8       0x2c /usr/lib/gcc/arm-none-eabi/9.2.1/thumb/v7e-m+fp/hard/libgcc.a(_aeabi_uldivmod.o)
 .debug_frame   0x00000000000015d4       0x34 /usr/lib/gcc/arm-none-eabi/9.2.1/thumb/v7e-m+fp/hard/libgcc.a(_udivmoddi4.o)

Cross Reference Table

Symbol                                            File
ADC1_IRQHandler                                   build/startup_stm32l432xx.o
ADC_ConversionStop                                build/stm32l4xx_hal_adc.o
                                                  build/stm32l4xx_hal_adc_ex.o
ADC_DMAConvCplt                                   build/stm32l4xx_hal_adc.o
ADC_DMAError                                      build/stm32l4xx_hal_adc.o
ADC_DMAHalfConvCplt                               build/stm32l4xx_hal_adc.o
ADC_Disable                                       build/stm32l4xx_hal_adc.o
                                                  build/stm32l4xx_hal_adc_ex.o
ADC_Enable                                        build/stm32l4xx_hal_adc.o
                                                  build/stm32l4xx_hal_adc_ex.o
AHBPrescTable                                     build/system_stm32l4xx.o
                                                  build/stm32l4xx_hal_rcc.o
APBPrescTable                                     build/system_stm32l4xx.o
                                                  build/stm32l4xx_hal_rcc.o
BusFault_Handler                                  build/stm32l4xx_it.o
CAN1_RX0_IRQHandler                               build/startup_stm32l432xx.o
CAN1_RX1_IRQHandler                               build/startup_stm32l432xx.o
CAN1_SCE_IRQHandler                               build/startup_stm32l432xx.o
CAN1_TX_IRQHandler                                build/startup_stm32l432xx.o
COMP_IRQHandler                                   build/startup_stm32l432xx.o
CRS_IRQHandler                                    build/startup_stm32l432xx.o
DMA1_Channel1_IRQHandler                          build/startup_stm32l432xx.o
DMA1_Channel2_IRQHandler                          build/startup_stm32l432xx.o
DMA1_Channel3_IRQHandler                          build/startup_stm32l432xx.o
DMA1_Channel4_IRQHandler                          build/startup_stm32l432xx.o
DMA1_Channel5_IRQHandler                          build/startup_stm32l432xx.o
DMA1_Channel6_IRQHandler                          build/startup_stm32l432xx.o
DMA1_Channel7_IRQHandler                          build/startup_stm32l432xx.o
DMA2_Channel1_IRQHandler                          build/startup_stm32l432xx.o
DMA2_Channel2_IRQHandler                          build/startup_stm32l432xx.o
DMA2_Channel3_IRQHandler                          build/startup_stm32l432xx.o
DMA2_Channel4_IRQHandler                          build/startup_stm32l432xx.o
DMA2_Channel5_IRQHandler                          build/startup_stm32l432xx.o
DMA2_Channel6_IRQHandler                          build/startup_stm32l432xx.o
DMA2_Channel7_IRQHandler                          build/startup_stm32l432xx.o
DebugMon_Handler                                  build/stm32l4xx_it.o
Default_Handler                                   build/startup_stm32l432xx.o
EXTI0_IRQHandler                                  build/startup_stm32l432xx.o
EXTI15_10_IRQHandler                              build/startup_stm32l432xx.o
EXTI1_IRQHandler                                  build/startup_stm32l432xx.o
EXTI2_IRQHandler                                  build/startup_stm32l432xx.o
EXTI3_IRQHandler                                  build/startup_stm32l432xx.o
EXTI4_IRQHandler                                  build/startup_stm32l432xx.o
EXTI9_5_IRQHandler                                build/startup_stm32l432xx.o
Error_Handler                                     build/main.o
FLASH_FlushCaches                                 build/stm32l4xx_hal_flash_ex.o
                                                  build/stm32l4xx_hal_flash.o
FLASH_IRQHandler                                  build/startup_stm32l432xx.o
FLASH_PageErase                                   build/stm32l4xx_hal_flash_ex.o
                                                  build/stm32l4xx_hal_flash.o
FLASH_WaitForLastOperation                        build/stm32l4xx_hal_flash.o
                                                  build/stm32l4xx_hal_flash_ex.o
FPU_IRQHandler                                    build/startup_stm32l432xx.o
HAL_ADCEx_Calibration_GetValue                    build/stm32l4xx_hal_adc_ex.o
HAL_ADCEx_Calibration_SetValue                    build/stm32l4xx_hal_adc_ex.o
HAL_ADCEx_Calibration_Start                       build/stm32l4xx_hal_adc_ex.o
HAL_ADCEx_DisableInjectedQueue                    build/stm32l4xx_hal_adc_ex.o
HAL_ADCEx_DisableVoltageRegulator                 build/stm32l4xx_hal_adc_ex.o
HAL_ADCEx_EnableInjectedQueue                     build/stm32l4xx_hal_adc_ex.o
HAL_ADCEx_EndOfSamplingCallback                   build/stm32l4xx_hal_adc_ex.o
                                                  build/stm32l4xx_hal_adc.o
HAL_ADCEx_EnterADCDeepPowerDownMode               build/stm32l4xx_hal_adc_ex.o
HAL_ADCEx_InjectedConfigChannel                   build/stm32l4xx_hal_adc_ex.o
HAL_ADCEx_InjectedConvCpltCallback                build/stm32l4xx_hal_adc_ex.o
                                                  build/stm32l4xx_hal_adc.o
HAL_ADCEx_InjectedGetValue                        build/stm32l4xx_hal_adc_ex.o
HAL_ADCEx_InjectedPollForConversion               build/stm32l4xx_hal_adc_ex.o
HAL_ADCEx_InjectedQueueOverflowCallback           build/stm32l4xx_hal_adc_ex.o
                                                  build/stm32l4xx_hal_adc.o
HAL_ADCEx_InjectedStart                           build/stm32l4xx_hal_adc_ex.o
HAL_ADCEx_InjectedStart_IT                        build/stm32l4xx_hal_adc_ex.o
HAL_ADCEx_InjectedStop                            build/stm32l4xx_hal_adc_ex.o
HAL_ADCEx_InjectedStop_IT                         build/stm32l4xx_hal_adc_ex.o
HAL_ADCEx_LevelOutOfWindow2Callback               build/stm32l4xx_hal_adc_ex.o
                                                  build/stm32l4xx_hal_adc.o
HAL_ADCEx_LevelOutOfWindow3Callback               build/stm32l4xx_hal_adc_ex.o
                                                  build/stm32l4xx_hal_adc.o
HAL_ADCEx_RegularStop                             build/stm32l4xx_hal_adc_ex.o
HAL_ADCEx_RegularStop_DMA                         build/stm32l4xx_hal_adc_ex.o
HAL_ADCEx_RegularStop_IT                          build/stm32l4xx_hal_adc_ex.o
HAL_ADC_AnalogWDGConfig                           build/stm32l4xx_hal_adc.o
HAL_ADC_ConfigChannel                             build/stm32l4xx_hal_adc.o
                                                  build/main.o
HAL_ADC_ConvCpltCallback                          build/stm32l4xx_hal_adc.o
HAL_ADC_ConvHalfCpltCallback                      build/stm32l4xx_hal_adc.o
HAL_ADC_DeInit                                    build/stm32l4xx_hal_adc.o
HAL_ADC_ErrorCallback                             build/stm32l4xx_hal_adc.o
HAL_ADC_GetError                                  build/stm32l4xx_hal_adc.o
HAL_ADC_GetState                                  build/stm32l4xx_hal_adc.o
HAL_ADC_GetValue                                  build/stm32l4xx_hal_adc.o
                                                  build/main.o
HAL_ADC_IRQHandler                                build/stm32l4xx_hal_adc.o
HAL_ADC_Init                                      build/stm32l4xx_hal_adc.o
                                                  build/main.o
HAL_ADC_LevelOutOfWindowCallback                  build/stm32l4xx_hal_adc.o
HAL_ADC_MspDeInit                                 build/stm32l4xx_hal_msp.o
HAL_ADC_MspInit                                   build/stm32l4xx_hal_msp.o
HAL_ADC_PollForConversion                         build/stm32l4xx_hal_adc.o
HAL_ADC_PollForEvent                              build/stm32l4xx_hal_adc.o
HAL_ADC_Start                                     build/stm32l4xx_hal_adc.o
                                                  build/main.o
HAL_ADC_Start_DMA                                 build/stm32l4xx_hal_adc.o
HAL_ADC_Start_IT                                  build/stm32l4xx_hal_adc.o
HAL_ADC_Stop                                      build/stm32l4xx_hal_adc.o
HAL_ADC_Stop_DMA                                  build/stm32l4xx_hal_adc.o
HAL_ADC_Stop_IT                                   build/stm32l4xx_hal_adc.o
HAL_DBGMCU_DisableDBGSleepMode                    build/stm32l4xx_hal.o
HAL_DBGMCU_DisableDBGStandbyMode                  build/stm32l4xx_hal.o
HAL_DBGMCU_DisableDBGStopMode                     build/stm32l4xx_hal.o
HAL_DBGMCU_EnableDBGSleepMode                     build/stm32l4xx_hal.o
HAL_DBGMCU_EnableDBGStandbyMode                   build/stm32l4xx_hal.o
HAL_DBGMCU_EnableDBGStopMode                      build/stm32l4xx_hal.o
HAL_DMA_Abort                                     build/stm32l4xx_hal_dma.o
                                                  build/stm32l4xx_hal_uart.o
                                                  build/stm32l4xx_hal_adc_ex.o
                                                  build/stm32l4xx_hal_adc.o
HAL_DMA_Abort_IT                                  build/stm32l4xx_hal_dma.o
                                                  build/stm32l4xx_hal_uart.o
                                                  build/stm32l4xx_hal_i2c.o
HAL_DMA_DeInit                                    build/stm32l4xx_hal_dma.o
HAL_DMA_GetError                                  build/stm32l4xx_hal_dma.o
                                                  build/stm32l4xx_hal_uart.o
HAL_DMA_GetState                                  build/stm32l4xx_hal_dma.o
                                                  build/stm32l4xx_hal_i2c.o
HAL_DMA_IRQHandler                                build/stm32l4xx_hal_dma.o
HAL_DMA_Init                                      build/stm32l4xx_hal_dma.o
HAL_DMA_PollForTransfer                           build/stm32l4xx_hal_dma.o
HAL_DMA_RegisterCallback                          build/stm32l4xx_hal_dma.o
HAL_DMA_Start                                     build/stm32l4xx_hal_dma.o
HAL_DMA_Start_IT                                  build/stm32l4xx_hal_dma.o
                                                  build/stm32l4xx_hal_uart.o
                                                  build/stm32l4xx_hal_i2c.o
                                                  build/stm32l4xx_hal_adc.o
HAL_DMA_UnRegisterCallback                        build/stm32l4xx_hal_dma.o
HAL_DeInit                                        build/stm32l4xx_hal.o
HAL_Delay                                         build/stm32l4xx_hal.o
HAL_EXTI_ClearConfigLine                          build/stm32l4xx_hal_exti.o
HAL_EXTI_ClearPending                             build/stm32l4xx_hal_exti.o
HAL_EXTI_GenerateSWI                              build/stm32l4xx_hal_exti.o
HAL_EXTI_GetConfigLine                            build/stm32l4xx_hal_exti.o
HAL_EXTI_GetHandle                                build/stm32l4xx_hal_exti.o
HAL_EXTI_GetPending                               build/stm32l4xx_hal_exti.o
HAL_EXTI_IRQHandler                               build/stm32l4xx_hal_exti.o
HAL_EXTI_RegisterCallback                         build/stm32l4xx_hal_exti.o
HAL_EXTI_SetConfigLine                            build/stm32l4xx_hal_exti.o
HAL_FLASHEx_DisableRunPowerDown                   build/stm32l4xx_hal_flash_ramfunc.o
HAL_FLASHEx_EnableRunPowerDown                    build/stm32l4xx_hal_flash_ramfunc.o
HAL_FLASHEx_Erase                                 build/stm32l4xx_hal_flash_ex.o
HAL_FLASHEx_Erase_IT                              build/stm32l4xx_hal_flash_ex.o
HAL_FLASHEx_OBGetConfig                           build/stm32l4xx_hal_flash_ex.o
HAL_FLASHEx_OBProgram                             build/stm32l4xx_hal_flash_ex.o
HAL_FLASH_EndOfOperationCallback                  build/stm32l4xx_hal_flash.o
HAL_FLASH_GetError                                build/stm32l4xx_hal_flash.o
HAL_FLASH_IRQHandler                              build/stm32l4xx_hal_flash.o
HAL_FLASH_Lock                                    build/stm32l4xx_hal_flash.o
HAL_FLASH_OB_Launch                               build/stm32l4xx_hal_flash.o
HAL_FLASH_OB_Lock                                 build/stm32l4xx_hal_flash.o
HAL_FLASH_OB_Unlock                               build/stm32l4xx_hal_flash.o
HAL_FLASH_OperationErrorCallback                  build/stm32l4xx_hal_flash.o
HAL_FLASH_Program                                 build/stm32l4xx_hal_flash.o
HAL_FLASH_Program_IT                              build/stm32l4xx_hal_flash.o
HAL_FLASH_Unlock                                  build/stm32l4xx_hal_flash.o
HAL_GPIO_DeInit                                   build/stm32l4xx_hal_gpio.o
                                                  build/stm32l4xx_hal_msp.o
HAL_GPIO_EXTI_Callback                            build/stm32l4xx_hal_gpio.o
HAL_GPIO_EXTI_IRQHandler                          build/stm32l4xx_hal_gpio.o
HAL_GPIO_Init                                     build/stm32l4xx_hal_gpio.o
                                                  build/stm32l4xx_hal_rcc_ex.o
                                                  build/stm32l4xx_hal_rcc.o
                                                  build/stm32l4xx_hal_msp.o
HAL_GPIO_LockPin                                  build/stm32l4xx_hal_gpio.o
HAL_GPIO_ReadPin                                  build/stm32l4xx_hal_gpio.o
HAL_GPIO_TogglePin                                build/stm32l4xx_hal_gpio.o
HAL_GPIO_WritePin                                 build/stm32l4xx_hal_gpio.o
HAL_GetDEVID                                      build/stm32l4xx_hal.o
HAL_GetHalVersion                                 build/stm32l4xx_hal.o
HAL_GetREVID                                      build/stm32l4xx_hal.o
HAL_GetTick                                       build/stm32l4xx_hal.o
                                                  build/stm32l4xx_hal_uart_ex.o
                                                  build/stm32l4xx_hal_uart.o
                                                  build/stm32l4xx_hal_dma.o
                                                  build/stm32l4xx_hal_flash.o
                                                  build/stm32l4xx_hal_rcc_ex.o
                                                  build/stm32l4xx_hal_rcc.o
                                                  build/stm32l4xx_hal_i2c.o
                                                  build/stm32l4xx_hal_adc_ex.o
                                                  build/stm32l4xx_hal_adc.o
HAL_GetTickFreq                                   build/stm32l4xx_hal.o
HAL_GetTickPrio                                   build/stm32l4xx_hal.o
HAL_GetUIDw0                                      build/stm32l4xx_hal.o
HAL_GetUIDw1                                      build/stm32l4xx_hal.o
HAL_GetUIDw2                                      build/stm32l4xx_hal.o
HAL_HalfDuplex_EnableReceiver                     build/stm32l4xx_hal_uart.o
HAL_HalfDuplex_EnableTransmitter                  build/stm32l4xx_hal_uart.o
HAL_HalfDuplex_Init                               build/stm32l4xx_hal_uart.o
HAL_I2CEx_ConfigAnalogFilter                      build/stm32l4xx_hal_i2c_ex.o
HAL_I2CEx_ConfigDigitalFilter                     build/stm32l4xx_hal_i2c_ex.o
HAL_I2CEx_DisableFastModePlus                     build/stm32l4xx_hal_i2c_ex.o
HAL_I2CEx_DisableWakeUp                           build/stm32l4xx_hal_i2c_ex.o
HAL_I2CEx_EnableFastModePlus                      build/stm32l4xx_hal_i2c_ex.o
HAL_I2CEx_EnableWakeUp                            build/stm32l4xx_hal_i2c_ex.o
HAL_I2C_AbortCpltCallback                         build/stm32l4xx_hal_i2c.o
HAL_I2C_AddrCallback                              build/stm32l4xx_hal_i2c.o
HAL_I2C_DeInit                                    build/stm32l4xx_hal_i2c.o
HAL_I2C_DisableListen_IT                          build/stm32l4xx_hal_i2c.o
HAL_I2C_ER_IRQHandler                             build/stm32l4xx_hal_i2c.o
HAL_I2C_EV_IRQHandler                             build/stm32l4xx_hal_i2c.o
HAL_I2C_EnableListen_IT                           build/stm32l4xx_hal_i2c.o
HAL_I2C_ErrorCallback                             build/stm32l4xx_hal_i2c.o
HAL_I2C_GetError                                  build/stm32l4xx_hal_i2c.o
HAL_I2C_GetMode                                   build/stm32l4xx_hal_i2c.o
HAL_I2C_GetState                                  build/stm32l4xx_hal_i2c.o
HAL_I2C_Init                                      build/stm32l4xx_hal_i2c.o
HAL_I2C_IsDeviceReady                             build/stm32l4xx_hal_i2c.o
HAL_I2C_ListenCpltCallback                        build/stm32l4xx_hal_i2c.o
HAL_I2C_MasterRxCpltCallback                      build/stm32l4xx_hal_i2c.o
HAL_I2C_MasterTxCpltCallback                      build/stm32l4xx_hal_i2c.o
HAL_I2C_Master_Abort_IT                           build/stm32l4xx_hal_i2c.o
HAL_I2C_Master_Receive                            build/stm32l4xx_hal_i2c.o
HAL_I2C_Master_Receive_DMA                        build/stm32l4xx_hal_i2c.o
HAL_I2C_Master_Receive_IT                         build/stm32l4xx_hal_i2c.o
HAL_I2C_Master_Seq_Receive_DMA                    build/stm32l4xx_hal_i2c.o
HAL_I2C_Master_Seq_Receive_IT                     build/stm32l4xx_hal_i2c.o
HAL_I2C_Master_Seq_Transmit_DMA                   build/stm32l4xx_hal_i2c.o
HAL_I2C_Master_Seq_Transmit_IT                    build/stm32l4xx_hal_i2c.o
HAL_I2C_Master_Transmit                           build/stm32l4xx_hal_i2c.o
HAL_I2C_Master_Transmit_DMA                       build/stm32l4xx_hal_i2c.o
HAL_I2C_Master_Transmit_IT                        build/stm32l4xx_hal_i2c.o
HAL_I2C_MemRxCpltCallback                         build/stm32l4xx_hal_i2c.o
HAL_I2C_MemTxCpltCallback                         build/stm32l4xx_hal_i2c.o
HAL_I2C_Mem_Read                                  build/stm32l4xx_hal_i2c.o
HAL_I2C_Mem_Read_DMA                              build/stm32l4xx_hal_i2c.o
HAL_I2C_Mem_Read_IT                               build/stm32l4xx_hal_i2c.o
HAL_I2C_Mem_Write                                 build/stm32l4xx_hal_i2c.o
HAL_I2C_Mem_Write_DMA                             build/stm32l4xx_hal_i2c.o
HAL_I2C_Mem_Write_IT                              build/stm32l4xx_hal_i2c.o
HAL_I2C_MspDeInit                                 build/stm32l4xx_hal_i2c.o
HAL_I2C_MspInit                                   build/stm32l4xx_hal_i2c.o
HAL_I2C_SlaveRxCpltCallback                       build/stm32l4xx_hal_i2c.o
HAL_I2C_SlaveTxCpltCallback                       build/stm32l4xx_hal_i2c.o
HAL_I2C_Slave_Receive                             build/stm32l4xx_hal_i2c.o
HAL_I2C_Slave_Receive_DMA                         build/stm32l4xx_hal_i2c.o
HAL_I2C_Slave_Receive_IT                          build/stm32l4xx_hal_i2c.o
HAL_I2C_Slave_Seq_Receive_DMA                     build/stm32l4xx_hal_i2c.o
HAL_I2C_Slave_Seq_Receive_IT                      build/stm32l4xx_hal_i2c.o
HAL_I2C_Slave_Seq_Transmit_DMA                    build/stm32l4xx_hal_i2c.o
HAL_I2C_Slave_Seq_Transmit_IT                     build/stm32l4xx_hal_i2c.o
HAL_I2C_Slave_Transmit                            build/stm32l4xx_hal_i2c.o
HAL_I2C_Slave_Transmit_DMA                        build/stm32l4xx_hal_i2c.o
HAL_I2C_Slave_Transmit_IT                         build/stm32l4xx_hal_i2c.o
HAL_IncTick                                       build/stm32l4xx_hal.o
                                                  build/stm32l4xx_it.o
HAL_Init                                          build/stm32l4xx_hal.o
                                                  build/main.o
HAL_InitTick                                      build/stm32l4xx_hal.o
                                                  build/stm32l4xx_hal_rcc.o
HAL_LIN_Init                                      build/stm32l4xx_hal_uart.o
HAL_LIN_SendBreak                                 build/stm32l4xx_hal_uart.o
HAL_MPU_ConfigRegion                              build/stm32l4xx_hal_cortex.o
HAL_MPU_Disable                                   build/stm32l4xx_hal_cortex.o
HAL_MPU_Enable                                    build/stm32l4xx_hal_cortex.o
HAL_MspDeInit                                     build/stm32l4xx_hal.o
HAL_MspInit                                       build/stm32l4xx_hal_msp.o
HAL_MultiProcessorEx_AddressLength_Set            build/stm32l4xx_hal_uart_ex.o
HAL_MultiProcessor_DisableMuteMode                build/stm32l4xx_hal_uart.o
HAL_MultiProcessor_EnableMuteMode                 build/stm32l4xx_hal_uart.o
HAL_MultiProcessor_EnterMuteMode                  build/stm32l4xx_hal_uart.o
HAL_MultiProcessor_Init                           build/stm32l4xx_hal_uart.o
HAL_NVIC_ClearPendingIRQ                          build/stm32l4xx_hal_cortex.o
HAL_NVIC_DisableIRQ                               build/stm32l4xx_hal_cortex.o
HAL_NVIC_EnableIRQ                                build/stm32l4xx_hal_cortex.o
HAL_NVIC_GetActive                                build/stm32l4xx_hal_cortex.o
HAL_NVIC_GetPendingIRQ                            build/stm32l4xx_hal_cortex.o
HAL_NVIC_GetPriority                              build/stm32l4xx_hal_cortex.o
HAL_NVIC_GetPriorityGrouping                      build/stm32l4xx_hal_cortex.o
HAL_NVIC_SetPendingIRQ                            build/stm32l4xx_hal_cortex.o
HAL_NVIC_SetPriority                              build/stm32l4xx_hal_cortex.o
                                                  build/stm32l4xx_hal.o
HAL_NVIC_SetPriorityGrouping                      build/stm32l4xx_hal_cortex.o
                                                  build/stm32l4xx_hal.o
HAL_NVIC_SystemReset                              build/stm32l4xx_hal_cortex.o
HAL_PWREx_ConfigPVM                               build/stm32l4xx_hal_pwr_ex.o
HAL_PWREx_ControlVoltageScaling                   build/stm32l4xx_hal_pwr_ex.o
                                                  build/main.o
HAL_PWREx_DisableBatteryCharging                  build/stm32l4xx_hal_pwr_ex.o
HAL_PWREx_DisableGPIOPullDown                     build/stm32l4xx_hal_pwr_ex.o
HAL_PWREx_DisableGPIOPullUp                       build/stm32l4xx_hal_pwr_ex.o
HAL_PWREx_DisableInternalWakeUpLine               build/stm32l4xx_hal_pwr_ex.o
HAL_PWREx_DisableLowPowerRunMode                  build/stm32l4xx_hal_pwr_ex.o
                                                  build/stm32l4xx_hal_pwr.o
HAL_PWREx_DisablePVM1                             build/stm32l4xx_hal_pwr_ex.o
HAL_PWREx_DisablePVM3                             build/stm32l4xx_hal_pwr_ex.o
HAL_PWREx_DisablePVM4                             build/stm32l4xx_hal_pwr_ex.o
HAL_PWREx_DisablePullUpPullDownConfig             build/stm32l4xx_hal_pwr_ex.o
HAL_PWREx_DisableSRAM2ContentRetention            build/stm32l4xx_hal_pwr_ex.o
HAL_PWREx_DisableVddUSB                           build/stm32l4xx_hal_pwr_ex.o
HAL_PWREx_EnableBatteryCharging                   build/stm32l4xx_hal_pwr_ex.o
HAL_PWREx_EnableGPIOPullDown                      build/stm32l4xx_hal_pwr_ex.o
HAL_PWREx_EnableGPIOPullUp                        build/stm32l4xx_hal_pwr_ex.o
HAL_PWREx_EnableInternalWakeUpLine                build/stm32l4xx_hal_pwr_ex.o
HAL_PWREx_EnableLowPowerRunMode                   build/stm32l4xx_hal_pwr_ex.o
                                                  build/stm32l4xx_hal_pwr.o
HAL_PWREx_EnablePVM1                              build/stm32l4xx_hal_pwr_ex.o
HAL_PWREx_EnablePVM3                              build/stm32l4xx_hal_pwr_ex.o
HAL_PWREx_EnablePVM4                              build/stm32l4xx_hal_pwr_ex.o
HAL_PWREx_EnablePullUpPullDownConfig              build/stm32l4xx_hal_pwr_ex.o
HAL_PWREx_EnableSRAM2ContentRetention             build/stm32l4xx_hal_pwr_ex.o
HAL_PWREx_EnableVddUSB                            build/stm32l4xx_hal_pwr_ex.o
HAL_PWREx_EnterSHUTDOWNMode                       build/stm32l4xx_hal_pwr_ex.o
HAL_PWREx_EnterSTOP0Mode                          build/stm32l4xx_hal_pwr_ex.o
                                                  build/stm32l4xx_hal_pwr.o
HAL_PWREx_EnterSTOP1Mode                          build/stm32l4xx_hal_pwr_ex.o
                                                  build/stm32l4xx_hal_pwr.o
HAL_PWREx_EnterSTOP2Mode                          build/stm32l4xx_hal_pwr_ex.o
HAL_PWREx_GetVoltageRange                         build/stm32l4xx_hal_pwr_ex.o
                                                  build/stm32l4xx_hal_rcc.o
HAL_PWREx_PVD_PVM_IRQHandler                      build/stm32l4xx_hal_pwr_ex.o
HAL_PWREx_PVM1Callback                            build/stm32l4xx_hal_pwr_ex.o
HAL_PWREx_PVM3Callback                            build/stm32l4xx_hal_pwr_ex.o
HAL_PWREx_PVM4Callback                            build/stm32l4xx_hal_pwr_ex.o
HAL_PWREx_SetSRAM2ContentRetention                build/stm32l4xx_hal_pwr_ex.o
HAL_PWR_ConfigPVD                                 build/stm32l4xx_hal_pwr.o
HAL_PWR_DeInit                                    build/stm32l4xx_hal_pwr.o
HAL_PWR_DisableBkUpAccess                         build/stm32l4xx_hal_pwr.o
                                                  build/stm32l4xx_hal_rcc_ex.o
HAL_PWR_DisablePVD                                build/stm32l4xx_hal_pwr.o
HAL_PWR_DisableSEVOnPend                          build/stm32l4xx_hal_pwr.o
HAL_PWR_DisableSleepOnExit                        build/stm32l4xx_hal_pwr.o
HAL_PWR_DisableWakeUpPin                          build/stm32l4xx_hal_pwr.o
HAL_PWR_EnableBkUpAccess                          build/stm32l4xx_hal_pwr.o
                                                  build/stm32l4xx_hal_rcc_ex.o
HAL_PWR_EnablePVD                                 build/stm32l4xx_hal_pwr.o
HAL_PWR_EnableSEVOnPend                           build/stm32l4xx_hal_pwr.o
HAL_PWR_EnableSleepOnExit                         build/stm32l4xx_hal_pwr.o
HAL_PWR_EnableWakeUpPin                           build/stm32l4xx_hal_pwr.o
HAL_PWR_EnterSLEEPMode                            build/stm32l4xx_hal_pwr.o
HAL_PWR_EnterSTANDBYMode                          build/stm32l4xx_hal_pwr.o
HAL_PWR_EnterSTOPMode                             build/stm32l4xx_hal_pwr.o
HAL_PWR_PVDCallback                               build/stm32l4xx_hal_pwr.o
                                                  build/stm32l4xx_hal_pwr_ex.o
HAL_RCCEx_CRSConfig                               build/stm32l4xx_hal_rcc_ex.o
HAL_RCCEx_CRSGetSynchronizationInfo               build/stm32l4xx_hal_rcc_ex.o
HAL_RCCEx_CRSSoftwareSynchronizationGenerate      build/stm32l4xx_hal_rcc_ex.o
HAL_RCCEx_CRSWaitSynchronization                  build/stm32l4xx_hal_rcc_ex.o
HAL_RCCEx_CRS_ErrorCallback                       build/stm32l4xx_hal_rcc_ex.o
HAL_RCCEx_CRS_ExpectedSyncCallback                build/stm32l4xx_hal_rcc_ex.o
HAL_RCCEx_CRS_IRQHandler                          build/stm32l4xx_hal_rcc_ex.o
HAL_RCCEx_CRS_SyncOkCallback                      build/stm32l4xx_hal_rcc_ex.o
HAL_RCCEx_CRS_SyncWarnCallback                    build/stm32l4xx_hal_rcc_ex.o
HAL_RCCEx_DisableLSCO                             build/stm32l4xx_hal_rcc_ex.o
HAL_RCCEx_DisableLSECSS                           build/stm32l4xx_hal_rcc_ex.o
HAL_RCCEx_DisableMSIPLLMode                       build/stm32l4xx_hal_rcc_ex.o
HAL_RCCEx_DisablePLLSAI1                          build/stm32l4xx_hal_rcc_ex.o
HAL_RCCEx_EnableLSCO                              build/stm32l4xx_hal_rcc_ex.o
HAL_RCCEx_EnableLSECSS                            build/stm32l4xx_hal_rcc_ex.o
HAL_RCCEx_EnableLSECSS_IT                         build/stm32l4xx_hal_rcc_ex.o
HAL_RCCEx_EnableMSIPLLMode                        build/stm32l4xx_hal_rcc_ex.o
HAL_RCCEx_EnablePLLSAI1                           build/stm32l4xx_hal_rcc_ex.o
HAL_RCCEx_GetPeriphCLKConfig                      build/stm32l4xx_hal_rcc_ex.o
HAL_RCCEx_GetPeriphCLKFreq                        build/stm32l4xx_hal_rcc_ex.o
HAL_RCCEx_LSECSS_Callback                         build/stm32l4xx_hal_rcc_ex.o
HAL_RCCEx_LSECSS_IRQHandler                       build/stm32l4xx_hal_rcc_ex.o
HAL_RCCEx_PeriphCLKConfig                         build/stm32l4xx_hal_rcc_ex.o
                                                  build/main.o
HAL_RCCEx_StandbyMSIRangeConfig                   build/stm32l4xx_hal_rcc_ex.o
HAL_RCCEx_WakeUpStopCLKConfig                     build/stm32l4xx_hal_rcc_ex.o
HAL_RCC_CSSCallback                               build/stm32l4xx_hal_rcc.o
HAL_RCC_ClockConfig                               build/stm32l4xx_hal_rcc.o
                                                  build/main.o
HAL_RCC_DeInit                                    build/stm32l4xx_hal_rcc.o
HAL_RCC_EnableCSS                                 build/stm32l4xx_hal_rcc.o
HAL_RCC_GetClockConfig                            build/stm32l4xx_hal_rcc.o
HAL_RCC_GetHCLKFreq                               build/stm32l4xx_hal_rcc.o
HAL_RCC_GetOscConfig                              build/stm32l4xx_hal_rcc.o
HAL_RCC_GetPCLK1Freq                              build/stm32l4xx_hal_rcc.o
                                                  build/stm32l4xx_hal_uart.o
                                                  build/stm32l4xx_hal_rcc_ex.o
HAL_RCC_GetPCLK2Freq                              build/stm32l4xx_hal_rcc.o
                                                  build/stm32l4xx_hal_uart.o
                                                  build/stm32l4xx_hal_rcc_ex.o
HAL_RCC_GetSysClockFreq                           build/stm32l4xx_hal_rcc.o
                                                  build/stm32l4xx_hal_uart.o
                                                  build/stm32l4xx_hal_rcc_ex.o
HAL_RCC_MCOConfig                                 build/stm32l4xx_hal_rcc.o
HAL_RCC_NMI_IRQHandler                            build/stm32l4xx_hal_rcc.o
HAL_RCC_OscConfig                                 build/stm32l4xx_hal_rcc.o
                                                  build/main.o
HAL_RS485Ex_Init                                  build/stm32l4xx_hal_uart_ex.o
HAL_ResumeTick                                    build/stm32l4xx_hal.o
HAL_SYSCFG_DisableIOAnalogSwitchBooster           build/stm32l4xx_hal.o
HAL_SYSCFG_DisableMemorySwappingBank              build/stm32l4xx_hal.o
HAL_SYSCFG_EnableIOAnalogSwitchBooster            build/stm32l4xx_hal.o
HAL_SYSCFG_EnableMemorySwappingBank               build/stm32l4xx_hal.o
HAL_SYSCFG_SRAM2Erase                             build/stm32l4xx_hal.o
HAL_SYSTICK_CLKSourceConfig                       build/stm32l4xx_hal_cortex.o
HAL_SYSTICK_Callback                              build/stm32l4xx_hal_cortex.o
HAL_SYSTICK_Config                                build/stm32l4xx_hal_cortex.o
                                                  build/stm32l4xx_hal.o
HAL_SYSTICK_IRQHandler                            build/stm32l4xx_hal_cortex.o
HAL_SetTickFreq                                   build/stm32l4xx_hal.o
HAL_SuspendTick                                   build/stm32l4xx_hal.o
HAL_UARTEx_DisableClockStopMode                   build/stm32l4xx_hal_uart_ex.o
HAL_UARTEx_DisableStopMode                        build/stm32l4xx_hal_uart_ex.o
HAL_UARTEx_EnableClockStopMode                    build/stm32l4xx_hal_uart_ex.o
HAL_UARTEx_EnableStopMode                         build/stm32l4xx_hal_uart_ex.o
HAL_UARTEx_StopModeWakeUpSourceConfig             build/stm32l4xx_hal_uart_ex.o
HAL_UARTEx_WakeupCallback                         build/stm32l4xx_hal_uart_ex.o
                                                  build/stm32l4xx_hal_uart.o
HAL_UART_Abort                                    build/stm32l4xx_hal_uart.o
HAL_UART_AbortCpltCallback                        build/stm32l4xx_hal_uart.o
HAL_UART_AbortReceive                             build/stm32l4xx_hal_uart.o
HAL_UART_AbortReceiveCpltCallback                 build/stm32l4xx_hal_uart.o
HAL_UART_AbortReceive_IT                          build/stm32l4xx_hal_uart.o
HAL_UART_AbortTransmit                            build/stm32l4xx_hal_uart.o
HAL_UART_AbortTransmitCpltCallback                build/stm32l4xx_hal_uart.o
HAL_UART_AbortTransmit_IT                         build/stm32l4xx_hal_uart.o
HAL_UART_Abort_IT                                 build/stm32l4xx_hal_uart.o
HAL_UART_DMAPause                                 build/stm32l4xx_hal_uart.o
HAL_UART_DMAResume                                build/stm32l4xx_hal_uart.o
HAL_UART_DMAStop                                  build/stm32l4xx_hal_uart.o
HAL_UART_DeInit                                   build/stm32l4xx_hal_uart.o
HAL_UART_DisableReceiverTimeout                   build/stm32l4xx_hal_uart.o
HAL_UART_EnableReceiverTimeout                    build/stm32l4xx_hal_uart.o
HAL_UART_ErrorCallback                            build/stm32l4xx_hal_uart.o
HAL_UART_GetError                                 build/stm32l4xx_hal_uart.o
HAL_UART_GetState                                 build/stm32l4xx_hal_uart.o
HAL_UART_IRQHandler                               build/stm32l4xx_hal_uart.o
HAL_UART_Init                                     build/stm32l4xx_hal_uart.o
                                                  build/main.o
HAL_UART_MspDeInit                                build/stm32l4xx_hal_msp.o
HAL_UART_MspInit                                  build/stm32l4xx_hal_msp.o
                                                  build/stm32l4xx_hal_uart_ex.o
HAL_UART_Receive                                  build/stm32l4xx_hal_uart.o
HAL_UART_Receive_DMA                              build/stm32l4xx_hal_uart.o
HAL_UART_Receive_IT                               build/stm32l4xx_hal_uart.o
HAL_UART_ReceiverTimeout_Config                   build/stm32l4xx_hal_uart.o
HAL_UART_RxCpltCallback                           build/stm32l4xx_hal_uart.o
HAL_UART_RxHalfCpltCallback                       build/stm32l4xx_hal_uart.o
HAL_UART_Transmit                                 build/stm32l4xx_hal_uart.o
                                                  build/main.o
HAL_UART_Transmit_DMA                             build/stm32l4xx_hal_uart.o
HAL_UART_Transmit_IT                              build/stm32l4xx_hal_uart.o
HAL_UART_TxCpltCallback                           build/stm32l4xx_hal_uart.o
HAL_UART_TxHalfCpltCallback                       build/stm32l4xx_hal_uart.o
HardFault_Handler                                 build/stm32l4xx_it.o
I2C1_ER_IRQHandler                                build/startup_stm32l432xx.o
I2C1_EV_IRQHandler                                build/startup_stm32l432xx.o
I2C3_ER_IRQHandler                                build/startup_stm32l432xx.o
I2C3_EV_IRQHandler                                build/startup_stm32l432xx.o
LPTIM1_IRQHandler                                 build/startup_stm32l432xx.o
LPTIM2_IRQHandler                                 build/startup_stm32l432xx.o
LPUART1_IRQHandler                                build/startup_stm32l432xx.o
MSIRangeTable                                     build/system_stm32l4xx.o
                                                  build/stm32l4xx_hal_rcc_ex.o
                                                  build/stm32l4xx_hal_rcc.o
MemManage_Handler                                 build/stm32l4xx_it.o
NMI_Handler                                       build/stm32l4xx_it.o
PVD_PVM_IRQHandler                                build/startup_stm32l432xx.o
PendSV_Handler                                    build/stm32l4xx_it.o
QUADSPI_IRQHandler                                build/startup_stm32l432xx.o
RCC_IRQHandler                                    build/startup_stm32l432xx.o
RNG_IRQHandler                                    build/startup_stm32l432xx.o
RTC_Alarm_IRQHandler                              build/startup_stm32l432xx.o
RTC_WKUP_IRQHandler                               build/startup_stm32l432xx.o
Reset_Handler                                     build/startup_stm32l432xx.o
SAI1_IRQHandler                                   build/startup_stm32l432xx.o
SPI1_IRQHandler                                   build/startup_stm32l432xx.o
SPI3_IRQHandler                                   build/startup_stm32l432xx.o
SVC_Handler                                       build/stm32l4xx_it.o
SWPMI1_IRQHandler                                 build/startup_stm32l432xx.o
SysTick_Handler                                   build/stm32l4xx_it.o
SystemClock_Config                                build/main.o
SystemCoreClock                                   build/system_stm32l4xx.o
                                                  build/stm32l4xx_hal_pwr_ex.o
                                                  build/stm32l4xx_hal_rcc.o
                                                  build/stm32l4xx_hal.o
                                                  build/stm32l4xx_hal_adc_ex.o
                                                  build/stm32l4xx_hal_adc.o
SystemCoreClockUpdate                             build/system_stm32l4xx.o
SystemInit                                        build/system_stm32l4xx.o
                                                  build/startup_stm32l432xx.o
TAMP_STAMP_IRQHandler                             build/startup_stm32l432xx.o
TIM1_BRK_TIM15_IRQHandler                         build/startup_stm32l432xx.o
TIM1_CC_IRQHandler                                build/startup_stm32l432xx.o
TIM1_TRG_COM_IRQHandler                           build/startup_stm32l432xx.o
TIM1_UP_TIM16_IRQHandler                          build/startup_stm32l432xx.o
TIM2_IRQHandler                                   build/startup_stm32l432xx.o
TIM6_DAC_IRQHandler                               build/startup_stm32l432xx.o
TIM7_IRQHandler                                   build/startup_stm32l432xx.o
TSC_IRQHandler                                    build/startup_stm32l432xx.o
UART_AdvFeatureConfig                             build/stm32l4xx_hal_uart.o
                                                  build/stm32l4xx_hal_uart_ex.o
UART_CheckIdleState                               build/stm32l4xx_hal_uart.o
                                                  build/stm32l4xx_hal_uart_ex.o
UART_SetConfig                                    build/stm32l4xx_hal_uart.o
                                                  build/stm32l4xx_hal_uart_ex.o
UART_WaitOnFlagUntilTimeout                       build/stm32l4xx_hal_uart.o
                                                  build/stm32l4xx_hal_uart_ex.o
USART1_IRQHandler                                 build/startup_stm32l432xx.o
USART2_IRQHandler                                 build/startup_stm32l432xx.o
USB_IRQHandler                                    build/startup_stm32l432xx.o
UsageFault_Handler                                build/stm32l4xx_it.o
WWDG_IRQHandler                                   build/startup_stm32l432xx.o
_ITM_deregisterTMCloneTable                       /usr/lib/gcc/arm-none-eabi/9.2.1/thumb/v7e-m+fp/hard/crtbegin.o
_ITM_registerTMCloneTable                         /usr/lib/gcc/arm-none-eabi/9.2.1/thumb/v7e-m+fp/hard/crtbegin.o
__TMC_END__                                       /usr/lib/gcc/arm-none-eabi/9.2.1/thumb/v7e-m+fp/hard/crtend.o
                                                  /usr/lib/gcc/arm-none-eabi/9.2.1/thumb/v7e-m+fp/hard/crtbegin.o
__aeabi_idiv0                                     /usr/lib/gcc/arm-none-eabi/9.2.1/thumb/v7e-m+fp/hard/libgcc.a(_dvmd_tls.o)
__aeabi_ldiv0                                     /usr/lib/gcc/arm-none-eabi/9.2.1/thumb/v7e-m+fp/hard/libgcc.a(_dvmd_tls.o)
                                                  /usr/lib/gcc/arm-none-eabi/9.2.1/thumb/v7e-m+fp/hard/libgcc.a(_aeabi_uldivmod.o)
__aeabi_uldivmod                                  /usr/lib/gcc/arm-none-eabi/9.2.1/thumb/v7e-m+fp/hard/libgcc.a(_aeabi_uldivmod.o)
                                                  build/stm32l4xx_hal_uart.o
__atexit_dummy                                    /usr/lib/gcc/arm-none-eabi/9.2.1/../../../arm-none-eabi/lib/thumb/v7e-m+fp/hard/libc_nano.a(lib_a-__atexit.o)
__bss_end__                                       /usr/lib/gcc/arm-none-eabi/9.2.1/../../../arm-none-eabi/lib/thumb/v7e-m+fp/hard/crt0.o
__bss_start__                                     /usr/lib/gcc/arm-none-eabi/9.2.1/../../../arm-none-eabi/lib/thumb/v7e-m+fp/hard/crt0.o
__call_exitprocs                                  /usr/lib/gcc/arm-none-eabi/9.2.1/../../../arm-none-eabi/lib/thumb/v7e-m+fp/hard/libc_nano.a(lib_a-__call_atexit.o)
                                                  /usr/lib/gcc/arm-none-eabi/9.2.1/../../../arm-none-eabi/lib/thumb/v7e-m+fp/hard/libc_nano.a(lib_a-__atexit.o)
                                                  /usr/lib/gcc/arm-none-eabi/9.2.1/../../../arm-none-eabi/lib/thumb/v7e-m+fp/hard/libc_nano.a(lib_a-exit.o)
__deregister_frame_info                           /usr/lib/gcc/arm-none-eabi/9.2.1/thumb/v7e-m+fp/hard/crtbegin.o
__dso_handle                                      /usr/lib/gcc/arm-none-eabi/9.2.1/thumb/v7e-m+fp/hard/crtbegin.o
__fini_array_end                                  /usr/lib/gcc/arm-none-eabi/9.2.1/../../../arm-none-eabi/lib/thumb/v7e-m+fp/hard/libc_nano.a(lib_a-fini.o)
__fini_array_start                                /usr/lib/gcc/arm-none-eabi/9.2.1/../../../arm-none-eabi/lib/thumb/v7e-m+fp/hard/libc_nano.a(lib_a-fini.o)
__init_array_end                                  /usr/lib/gcc/arm-none-eabi/9.2.1/../../../arm-none-eabi/lib/thumb/v7e-m+fp/hard/libc_nano.a(lib_a-init.o)
__init_array_start                                /usr/lib/gcc/arm-none-eabi/9.2.1/../../../arm-none-eabi/lib/thumb/v7e-m+fp/hard/libc_nano.a(lib_a-init.o)
__libc_fini_array                                 /usr/lib/gcc/arm-none-eabi/9.2.1/../../../arm-none-eabi/lib/thumb/v7e-m+fp/hard/libc_nano.a(lib_a-fini.o)
                                                  /usr/lib/gcc/arm-none-eabi/9.2.1/../../../arm-none-eabi/lib/thumb/v7e-m+fp/hard/crt0.o
__libc_init_array                                 /usr/lib/gcc/arm-none-eabi/9.2.1/../../../arm-none-eabi/lib/thumb/v7e-m+fp/hard/libc_nano.a(lib_a-init.o)
                                                  build/startup_stm32l432xx.o
                                                  /usr/lib/gcc/arm-none-eabi/9.2.1/../../../arm-none-eabi/lib/thumb/v7e-m+fp/hard/crt0.o
__on_exit_args                                    /usr/lib/gcc/arm-none-eabi/9.2.1/../../../arm-none-eabi/lib/thumb/v7e-m+fp/hard/libc_nano.a(lib_a-__atexit.o)
__preinit_array_end                               /usr/lib/gcc/arm-none-eabi/9.2.1/../../../arm-none-eabi/lib/thumb/v7e-m+fp/hard/libc_nano.a(lib_a-init.o)
__preinit_array_start                             /usr/lib/gcc/arm-none-eabi/9.2.1/../../../arm-none-eabi/lib/thumb/v7e-m+fp/hard/libc_nano.a(lib_a-init.o)
__register_exitproc                               /usr/lib/gcc/arm-none-eabi/9.2.1/../../../arm-none-eabi/lib/thumb/v7e-m+fp/hard/libc_nano.a(lib_a-__atexit.o)
                                                  /usr/lib/gcc/arm-none-eabi/9.2.1/../../../arm-none-eabi/lib/thumb/v7e-m+fp/hard/libc_nano.a(lib_a-atexit.o)
__register_frame_info                             /usr/lib/gcc/arm-none-eabi/9.2.1/thumb/v7e-m+fp/hard/crtbegin.o
__sf_fake_stderr                                  /usr/lib/gcc/arm-none-eabi/9.2.1/../../../arm-none-eabi/lib/thumb/v7e-m+fp/hard/libc_nano.a(lib_a-impure.o)
__sf_fake_stdin                                   /usr/lib/gcc/arm-none-eabi/9.2.1/../../../arm-none-eabi/lib/thumb/v7e-m+fp/hard/libc_nano.a(lib_a-impure.o)
__sf_fake_stdout                                  /usr/lib/gcc/arm-none-eabi/9.2.1/../../../arm-none-eabi/lib/thumb/v7e-m+fp/hard/libc_nano.a(lib_a-impure.o)
__stack                                           /usr/lib/gcc/arm-none-eabi/9.2.1/../../../arm-none-eabi/lib/thumb/v7e-m+fp/hard/crt0.o
__udivmoddi4                                      /usr/lib/gcc/arm-none-eabi/9.2.1/thumb/v7e-m+fp/hard/libgcc.a(_udivmoddi4.o)
                                                  /usr/lib/gcc/arm-none-eabi/9.2.1/thumb/v7e-m+fp/hard/libgcc.a(_aeabi_uldivmod.o)
_ebss                                             build/startup_stm32l432xx.o
_edata                                            build/startup_stm32l432xx.o
_estack                                           build/startup_stm32l432xx.o
_exit                                             /usr/lib/gcc/arm-none-eabi/9.2.1/../../../arm-none-eabi/lib/thumb/v7e-m+fp/hard/libnosys.a(_exit.o)
                                                  /usr/lib/gcc/arm-none-eabi/9.2.1/../../../arm-none-eabi/lib/thumb/v7e-m+fp/hard/libc_nano.a(lib_a-exit.o)
_fini                                             /usr/lib/gcc/arm-none-eabi/9.2.1/thumb/v7e-m+fp/hard/crti.o
                                                  /usr/lib/gcc/arm-none-eabi/9.2.1/../../../arm-none-eabi/lib/thumb/v7e-m+fp/hard/libc_nano.a(lib_a-fini.o)
_global_atexit                                    /usr/lib/gcc/arm-none-eabi/9.2.1/../../../arm-none-eabi/lib/thumb/v7e-m+fp/hard/libc_nano.a(lib_a-__call_atexit.o)
                                                  /usr/lib/gcc/arm-none-eabi/9.2.1/../../../arm-none-eabi/lib/thumb/v7e-m+fp/hard/libc_nano.a(lib_a-__atexit.o)
_global_impure_ptr                                /usr/lib/gcc/arm-none-eabi/9.2.1/../../../arm-none-eabi/lib/thumb/v7e-m+fp/hard/libc_nano.a(lib_a-impure.o)
                                                  /usr/lib/gcc/arm-none-eabi/9.2.1/../../../arm-none-eabi/lib/thumb/v7e-m+fp/hard/libc_nano.a(lib_a-exit.o)
_impure_ptr                                       /usr/lib/gcc/arm-none-eabi/9.2.1/../../../arm-none-eabi/lib/thumb/v7e-m+fp/hard/libc_nano.a(lib_a-impure.o)
_init                                             /usr/lib/gcc/arm-none-eabi/9.2.1/thumb/v7e-m+fp/hard/crti.o
                                                  /usr/lib/gcc/arm-none-eabi/9.2.1/../../../arm-none-eabi/lib/thumb/v7e-m+fp/hard/libc_nano.a(lib_a-init.o)
_mainCRTStartup                                   /usr/lib/gcc/arm-none-eabi/9.2.1/../../../arm-none-eabi/lib/thumb/v7e-m+fp/hard/crt0.o
_sbss                                             build/startup_stm32l432xx.o
_sdata                                            build/startup_stm32l432xx.o
_sidata                                           build/startup_stm32l432xx.o
_stack_init                                       /usr/lib/gcc/arm-none-eabi/9.2.1/../../../arm-none-eabi/lib/thumb/v7e-m+fp/hard/crt0.o
_start                                            /usr/lib/gcc/arm-none-eabi/9.2.1/../../../arm-none-eabi/lib/thumb/v7e-m+fp/hard/crt0.o
atexit                                            /usr/lib/gcc/arm-none-eabi/9.2.1/../../../arm-none-eabi/lib/thumb/v7e-m+fp/hard/libc_nano.a(lib_a-atexit.o)
                                                  /usr/lib/gcc/arm-none-eabi/9.2.1/../../../arm-none-eabi/lib/thumb/v7e-m+fp/hard/crt0.o
exit                                              /usr/lib/gcc/arm-none-eabi/9.2.1/../../../arm-none-eabi/lib/thumb/v7e-m+fp/hard/libc_nano.a(lib_a-exit.o)
                                                  /usr/lib/gcc/arm-none-eabi/9.2.1/../../../arm-none-eabi/lib/thumb/v7e-m+fp/hard/crt0.o
g_pfnVectors                                      build/startup_stm32l432xx.o
hadc1                                             build/main.o
hardware_init_hook                                /usr/lib/gcc/arm-none-eabi/9.2.1/../../../arm-none-eabi/lib/thumb/v7e-m+fp/hard/crt0.o
huart2                                            build/main.o
main                                              build/main.o
                                                  build/startup_stm32l432xx.o
                                                  /usr/lib/gcc/arm-none-eabi/9.2.1/../../../arm-none-eabi/lib/thumb/v7e-m+fp/hard/crt0.o
malloc                                            /usr/lib/gcc/arm-none-eabi/9.2.1/../../../arm-none-eabi/lib/thumb/v7e-m+fp/hard/libc_nano.a(lib_a-__atexit.o)
memset                                            /usr/lib/gcc/arm-none-eabi/9.2.1/../../../arm-none-eabi/lib/thumb/v7e-m+fp/hard/libc_nano.a(lib_a-memset.o)
                                                  build/main.o
                                                  /usr/lib/gcc/arm-none-eabi/9.2.1/../../../arm-none-eabi/lib/thumb/v7e-m+fp/hard/crt0.o
pFlash                                            build/stm32l4xx_hal_flash.o
                                                  build/stm32l4xx_hal_flash_ex.o
software_init_hook                                /usr/lib/gcc/arm-none-eabi/9.2.1/../../../arm-none-eabi/lib/thumb/v7e-m+fp/hard/crt0.o
uwTick                                            build/stm32l4xx_hal.o
uwTickFreq                                        build/stm32l4xx_hal.o
uwTickPrio                                        build/stm32l4xx_hal.o
                                                  build/stm32l4xx_hal_rcc.o
